Mar 12 00:00:10 devbox1 systemd[1]: logrotate.service: Deactivated successfully.
Mar 12 00:00:10 devbox1 systemd[1]: Finished Rotate log files.
Mar 12 00:17:01 devbox1 CRON[94332]: (root) CMD (   cd / && run-parts --report /etc/cron.hourly)
Mar 12 00:20:26 devbox1 systemd[1]: Starting Daily apt download activities...
Mar 12 00:20:26 devbox1 systemd[1]: Starting Update APT News...
Mar 12 00:20:26 devbox1 systemd[1]: Starting Update the local ESM caches...
Mar 12 00:20:26 devbox1 systemd[1]: apt-news.service: Deactivated successfully.
Mar 12 00:20:26 devbox1 systemd[1]: Finished Update APT News.
Mar 12 00:20:27 devbox1 systemd[1]: esm-cache.service: Deactivated successfully.
Mar 12 00:20:28 devbox1 systemd[1]: Finished Update the local ESM caches.
Mar 12 00:20:33 devbox1 systemd[1]: apt-daily.service: Deactivated successfully.
Mar 12 00:20:33 devbox1 systemd[1]: Finished Daily apt download activities.
Mar 12 00:20:33 devbox1 systemd[1]: apt-daily.service: Consumed 5.321s CPU time.
Mar 12 01:16:03 devbox1 systemd[1]: Starting Daily man-db regeneration...
Mar 12 01:16:03 devbox1 mandb[94798]: /usr/bin/mandb: can't set the locale; make sure $LC_* and $LANG are correct
Mar 12 01:16:07 devbox1 systemd[1]: man-db.service: Deactivated successfully.
Mar 12 01:16:07 devbox1 systemd[1]: Finished Daily man-db regeneration.
Mar 12 01:17:01 devbox1 CRON[94803]: (root) CMD (   cd / && run-parts --report /etc/cron.hourly)
Mar 12 02:16:08 devbox1 systemd[1]: Starting Ubuntu Advantage Timer for running repeated jobs...
Mar 12 02:16:09 devbox1 systemd[1]: ua-timer.service: Deactivated successfully.
Mar 12 02:16:09 devbox1 systemd[1]: Finished Ubuntu Advantage Timer for running repeated jobs.
Mar 12 02:17:01 devbox1 CRON[94832]: (root) CMD (   cd / && run-parts --report /etc/cron.hourly)
Mar 12 02:44:26 devbox1 systemd[1]: Starting Message of the Day...
Mar 12 02:44:41 devbox1 50-motd-news[94868]:  * Strictly confined Kubernetes makes edge and IoT secure. Learn how MicroK8s
Mar 12 02:44:41 devbox1 50-motd-news[94868]:    just raised the bar for easy, resilient and secure K8s cluster deployment.
Mar 12 02:44:41 devbox1 50-motd-news[94868]:    https://ubuntu.com/engage/secure-kubernetes-at-the-edge
Mar 12 02:44:41 devbox1 systemd[1]: motd-news.service: Deactivated successfully.
Mar 12 02:44:41 devbox1 systemd[1]: Finished Message of the Day.
Mar 12 03:10:01 devbox1 CRON[94883]: (root) CMD (test -e /run/systemd/system || SERVICE_MODE=1 /sbin/e2scrub_all -A -r)
Mar 12 03:10:26 devbox1 systemd[1]: Starting Online ext4 Metadata Check for All Filesystems...
Mar 12 03:10:26 devbox1 systemd[1]: e2scrub_all.service: Deactivated successfully.
Mar 12 03:10:26 devbox1 systemd[1]: Finished Online ext4 Metadata Check for All Filesystems.
Mar 12 03:17:01 devbox1 CRON[94890]: (root) CMD (   cd / && run-parts --report /etc/cron.hourly)
Mar 12 03:30:01 devbox1 CRON[94896]: (root) CMD (test -e /run/systemd/system || SERVICE_MODE=1 /usr/lib/x86_64-linux-gnu/e2fsprogs/e2scrub_all_cron)
Mar 12 04:17:01 devbox1 CRON[94909]: (root) CMD (   cd / && run-parts --report /etc/cron.hourly)
Mar 12 05:17:02 devbox1 CRON[94926]: (root) CMD (   cd / && run-parts --report /etc/cron.hourly)
Mar 12 05:49:13 devbox1 snapd[653]: storehelpers.go:769: cannot refresh: snap has no updates available: "core20", "lxd", "snapd"
Mar 12 05:49:13 devbox1 snapd[653]: autorefresh.go:551: auto-refresh: all snaps are up-to-date
Mar 12 06:09:12 devbox1 systemd[1]: Starting Cleanup of Temporary Directories...
Mar 12 06:09:13 devbox1 systemd[1]: systemd-tmpfiles-clean.service: Deactivated successfully.
Mar 12 06:09:13 devbox1 systemd[1]: Finished Cleanup of Temporary Directories.
Mar 12 06:17:02 devbox1 CRON[94947]: (root) CMD (   cd / && run-parts --report /etc/cron.hourly)
Mar 12 06:23:09 devbox1 systemd[1]: Starting Daily apt upgrade and clean activities...
Mar 12 06:23:11 devbox1 systemd[1]: apt-daily-upgrade.service: Deactivated successfully.
Mar 12 06:23:11 devbox1 systemd[1]: Finished Daily apt upgrade and clean activities.
Mar 12 06:23:11 devbox1 systemd[1]: apt-daily-upgrade.service: Consumed 1.888s CPU time.
Mar 12 06:25:01 devbox1 CRON[95027]: (root) CMD (test -x /usr/sbin/anacron || ( cd / && run-parts --report /etc/cron.daily ))
Mar 12 06:47:01 devbox1 CRON[95043]: (root) CMD (test -x /usr/sbin/anacron || ( cd / && run-parts --report /etc/cron.weekly ))
Mar 12 07:17:01 devbox1 CRON[95057]: (root) CMD (   cd / && run-parts --report /etc/cron.hourly)
Mar 12 08:11:06 devbox1 systemd[1]: Starting Refresh fwupd metadata and update motd...
Mar 12 08:11:07 devbox1 dbus-daemon[641]: [system] Activating via systemd: service name='org.freedesktop.fwupd' unit='fwupd.service' requested by ':1.167' (uid=113 pid=95072 comm="/usr/bin/fwupdmgr refresh " label="unconfined")
Mar 12 08:11:07 devbox1 systemd[1]: Starting Firmware update daemon...
Mar 12 08:11:07 devbox1 dbus-daemon[641]: [system] Successfully activated service 'org.freedesktop.fwupd'
Mar 12 08:11:07 devbox1 systemd[1]: Started Firmware update daemon.
Mar 12 08:11:07 devbox1 fwupdmgr[95072]: Updating lvfs
Mar 12 08:11:07 devbox1 fwupdmgr[95072]: Downloading?: 0%
Mar 12 08:11:07 devbox1 fwupdmgr[95072]: Downloading?: 49%
Mar 12 08:11:07 devbox1 fwupdmgr[95072]: Downloading?: 100%
Mar 12 08:11:07 devbox1 fwupdmgr[95072]: Idle?: 100%
Mar 12 08:11:07 devbox1 fwupdmgr[95072]: Successfully downloaded new metadata: 0 local devices supported
Mar 12 08:11:07 devbox1 systemd[1]: fwupd-refresh.service: Deactivated successfully.
Mar 12 08:11:07 devbox1 systemd[1]: Finished Refresh fwupd metadata and update motd.
Mar 12 08:17:01 devbox1 CRON[95088]: (root) CMD (   cd / && run-parts --report /etc/cron.hourly)
Mar 12 08:46:09 devbox1 systemd[1]: Starting Ubuntu Advantage Timer for running repeated jobs...
Mar 12 08:46:10 devbox1 systemd[1]: ua-timer.service: Deactivated successfully.
Mar 12 08:46:10 devbox1 systemd[1]: Finished Ubuntu Advantage Timer for running repeated jobs.
Mar 12 09:17:01 devbox1 CRON[95120]: (root) CMD (   cd / && run-parts --report /etc/cron.hourly)
Mar 12 10:11:08 devbox1 systemd[1]: fwupd.service: Deactivated successfully.
Mar 12 10:11:08 devbox1 systemd[1]: fwupd.service: Consumed 1.107s CPU time.
Mar 12 10:17:01 devbox1 CRON[95142]: (root) CMD (   cd / && run-parts --report /etc/cron.hourly)
Mar 12 10:59:13 devbox1 snapd[653]: storehelpers.go:769: cannot refresh: snap has no updates available: "core20", "lxd", "snapd"
Mar 12 10:59:13 devbox1 snapd[653]: autorefresh.go:551: auto-refresh: all snaps are up-to-date
Mar 12 11:05:55 devbox1 systemd[1]: Starting Download data for packages that failed at package install time...
Mar 12 11:05:55 devbox1 systemd[1]: update-notifier-download.service: Deactivated successfully.
Mar 12 11:05:55 devbox1 systemd[1]: Finished Download data for packages that failed at package install time.
Mar 12 11:17:01 devbox1 CRON[95161]: (root) CMD (   cd / && run-parts --report /etc/cron.hourly)
Mar 12 12:17:01 devbox1 CRON[95178]: (root) CMD (   cd / && run-parts --report /etc/cron.hourly)
Mar 12 12:24:13 devbox1 snapd[653]: storehelpers.go:769: cannot refresh: snap has no updates available: "core20", "lxd", "snapd"
Mar 12 12:24:13 devbox1 snapd[653]: autorefresh.go:551: auto-refresh: all snaps are up-to-date
Mar 12 12:30:25 devbox1 systemd-networkd[79685]: enp0s3: DHCPv6 error: No message of desired type
Mar 12 12:30:28 devbox1 systemd-networkd[79685]: enp0s3: DHCPv6 address 2601:347:8081:2260::e38d/128 (valid for 4d, preferred for 4d)
Mar 12 13:17:01 devbox1 CRON[95199]: (root) CMD (   cd / && run-parts --report /etc/cron.hourly)
Mar 12 14:17:01 devbox1 CRON[95216]: (root) CMD (   cd / && run-parts --report /etc/cron.hourly)
Mar 12 15:17:01 devbox1 CRON[95232]: (root) CMD (   cd / && run-parts --report /etc/cron.hourly)
Mar 12 15:25:26 devbox1 systemd[1]: Starting Message of the Day...
Mar 12 15:25:27 devbox1 50-motd-news[95264]:  * Strictly confined Kubernetes makes edge and IoT secure. Learn how MicroK8s
Mar 12 15:25:27 devbox1 50-motd-news[95264]:    just raised the bar for easy, resilient and secure K8s cluster deployment.
Mar 12 15:25:27 devbox1 50-motd-news[95264]:    https://ubuntu.com/engage/secure-kubernetes-at-the-edge
Mar 12 15:25:27 devbox1 systemd[1]: motd-news.service: Deactivated successfully.
Mar 12 15:25:27 devbox1 systemd[1]: Finished Message of the Day.
Mar 12 15:31:34 devbox1 systemd[1]: Starting Ubuntu Advantage Timer for running repeated jobs...
Mar 12 15:31:35 devbox1 systemd[1]: ua-timer.service: Deactivated successfully.
Mar 12 15:31:35 devbox1 systemd[1]: Finished Ubuntu Advantage Timer for running repeated jobs.
Mar 12 16:08:21 devbox1 systemd[1]: Starting Daily apt download activities...
Mar 12 16:08:21 devbox1 systemd[1]: Starting Update APT News...
Mar 12 16:08:21 devbox1 systemd[1]: Starting Update the local ESM caches...
Mar 12 16:08:21 devbox1 systemd[1]: apt-news.service: Deactivated successfully.
Mar 12 16:08:21 devbox1 systemd[1]: Finished Update APT News.
Mar 12 16:08:22 devbox1 systemd[1]: esm-cache.service: Deactivated successfully.
Mar 12 16:08:22 devbox1 systemd[1]: Finished Update the local ESM caches.
Mar 12 16:08:26 devbox1 systemd[1]: apt-daily.service: Deactivated successfully.
Mar 12 16:08:26 devbox1 systemd[1]: Finished Daily apt download activities.
Mar 12 16:08:26 devbox1 systemd[1]: apt-daily.service: Consumed 4.085s CPU time.
Mar 12 16:17:01 devbox1 CRON[95729]: (root) CMD (   cd / && run-parts --report /etc/cron.hourly)
Mar 12 17:17:01 devbox1 CRON[95746]: (root) CMD (   cd / && run-parts --report /etc/cron.hourly)
Mar 12 18:17:01 devbox1 CRON[95763]: (root) CMD (   cd / && run-parts --report /etc/cron.hourly)
Mar 12 18:55:26 devbox1 systemd[1]: Starting Daily apt download activities...
Mar 12 18:55:26 devbox1 systemd[1]: Starting Update APT News...
Mar 12 18:55:26 devbox1 systemd[1]: Starting Update the local ESM caches...
Mar 12 18:55:27 devbox1 systemd[1]: apt-news.service: Deactivated successfully.
Mar 12 18:55:27 devbox1 systemd[1]: Finished Update APT News.
Mar 12 18:55:28 devbox1 systemd[1]: esm-cache.service: Deactivated successfully.
Mar 12 18:55:28 devbox1 systemd[1]: Finished Update the local ESM caches.
Mar 12 18:55:31 devbox1 systemd[1]: apt-daily.service: Deactivated successfully.
Mar 12 18:55:31 devbox1 systemd[1]: Finished Daily apt download activities.
Mar 12 18:55:31 devbox1 systemd[1]: apt-daily.service: Consumed 3.820s CPU time.
Mar 12 19:17:01 devbox1 CRON[96209]: (root) CMD (   cd / && run-parts --report /etc/cron.hourly)
Mar 12 20:17:01 devbox1 CRON[96226]: (root) CMD (   cd / && run-parts --report /etc/cron.hourly)
Mar 12 21:17:01 devbox1 CRON[96242]: (root) CMD (   cd / && run-parts --report /etc/cron.hourly)
Mar 12 21:34:13 devbox1 snapd[653]: storehelpers.go:769: cannot refresh: snap has no updates available: "core20", "lxd", "snapd"
Mar 12 21:34:13 devbox1 snapd[653]: autorefresh.go:551: auto-refresh: all snaps are up-to-date
Mar 12 21:42:09 devbox1 systemd[1]: Starting Ubuntu Advantage Timer for running repeated jobs...
Mar 12 21:42:10 devbox1 systemd[1]: ua-timer.service: Deactivated successfully.
Mar 12 21:42:10 devbox1 systemd[1]: Finished Ubuntu Advantage Timer for running repeated jobs.
Mar 12 22:17:02 devbox1 CRON[96274]: (root) CMD (   cd / && run-parts --report /etc/cron.hourly)
Mar 12 23:17:02 devbox1 CRON[96289]: (root) CMD (   cd / && run-parts --report /etc/cron.hourly)
Mar 13 00:00:09 devbox1 systemd[1]: Starting Daily dpkg database backup service...
Mar 13 00:00:09 devbox1 systemd[1]: Starting Rotate log files...
Mar 13 00:00:10 devbox1 systemd[1]: logrotate.service: Deactivated successfully.
Mar 13 00:00:10 devbox1 systemd[1]: Finished Rotate log files.
Mar 13 00:00:10 devbox1 systemd[1]: dpkg-db-backup.service: Deactivated successfully.
Mar 13 00:00:10 devbox1 systemd[1]: Finished Daily dpkg database backup service.
Mar 13 00:17:02 devbox1 CRON[96318]: (root) CMD (   cd / && run-parts --report /etc/cron.hourly)
Mar 13 00:50:39 devbox1 systemd[1]: Starting Discard unused blocks on filesystems from /etc/fstab...
Mar 13 00:50:39 devbox1 systemd[1]: fstrim.service: Deactivated successfully.
Mar 13 00:50:39 devbox1 systemd[1]: Finished Discard unused blocks on filesystems from /etc/fstab.
Mar 13 01:17:01 devbox1 CRON[96341]: (root) CMD (   cd / && run-parts --report /etc/cron.hourly)
Mar 13 01:37:14 devbox1 systemd[1]: Starting Refresh fwupd metadata and update motd...
Mar 13 01:37:14 devbox1 dbus-daemon[641]: [system] Activating via systemd: service name='org.freedesktop.fwupd' unit='fwupd.service' requested by ':1.171' (uid=113 pid=96348 comm="/usr/bin/fwupdmgr refresh " label="unconfined")
Mar 13 01:37:14 devbox1 systemd[1]: Starting Firmware update daemon...
Mar 13 01:37:14 devbox1 dbus-daemon[641]: [system] Successfully activated service 'org.freedesktop.fwupd'
Mar 13 01:37:14 devbox1 systemd[1]: Started Firmware update daemon.
Mar 13 01:37:14 devbox1 fwupdmgr[96348]: Updating lvfs
Mar 13 01:37:14 devbox1 fwupdmgr[96348]: Downloading?: 0%
Mar 13 01:37:15 devbox1 fwupdmgr[96348]: Downloading?: 62%
Mar 13 01:37:15 devbox1 fwupdmgr[96348]: Downloading?: 100%
Mar 13 01:37:15 devbox1 fwupdmgr[96348]: Idle?: 100%
Mar 13 01:37:15 devbox1 fwupdmgr[96348]: Successfully downloaded new metadata: 0 local devices supported
Mar 13 01:37:15 devbox1 systemd[1]: fwupd-refresh.service: Deactivated successfully.
Mar 13 01:37:15 devbox1 systemd[1]: Finished Refresh fwupd metadata and update motd.
Mar 13 02:17:01 devbox1 CRON[96371]: (root) CMD (   cd / && run-parts --report /etc/cron.hourly)
Mar 13 03:09:13 devbox1 snapd[653]: storehelpers.go:769: cannot refresh: snap has no updates available: "core20", "lxd", "snapd"
Mar 13 03:09:13 devbox1 snapd[653]: autorefresh.go:551: auto-refresh: all snaps are up-to-date
Mar 13 03:10:01 devbox1 CRON[96384]: (root) CMD (test -e /run/systemd/system || SERVICE_MODE=1 /sbin/e2scrub_all -A -r)
Mar 13 03:17:01 devbox1 CRON[96389]: (root) CMD (   cd / && run-parts --report /etc/cron.hourly)
Mar 13 03:37:15 devbox1 systemd[1]: fwupd.service: Deactivated successfully.
Mar 13 03:37:15 devbox1 systemd[1]: fwupd.service: Consumed 1.092s CPU time.
Mar 13 03:59:46 devbox1 systemd[1]: Starting Ubuntu Advantage Timer for running repeated jobs...
Mar 13 03:59:46 devbox1 systemd[1]: ua-timer.service: Deactivated successfully.
Mar 13 03:59:46 devbox1 systemd[1]: Finished Ubuntu Advantage Timer for running repeated jobs.
Mar 13 04:17:01 devbox1 CRON[96421]: (root) CMD (   cd / && run-parts --report /etc/cron.hourly)
Mar 13 05:17:01 devbox1 CRON[96438]: (root) CMD (   cd / && run-parts --report /etc/cron.hourly)
Mar 13 05:24:34 devbox1 systemd[1]: Starting Daily man-db regeneration...
Mar 13 05:24:34 devbox1 mandb[96445]: /usr/bin/mandb: can't set the locale; make sure $LC_* and $LANG are correct
Mar 13 05:24:38 devbox1 systemd[1]: man-db.service: Deactivated successfully.
Mar 13 05:24:38 devbox1 systemd[1]: Finished Daily man-db regeneration.
Mar 13 06:09:36 devbox1 systemd[1]: Starting Cleanup of Temporary Directories...
Mar 13 06:09:36 devbox1 systemd[1]: systemd-tmpfiles-clean.service: Deactivated successfully.
Mar 13 06:09:36 devbox1 systemd[1]: Finished Cleanup of Temporary Directories.
Mar 13 06:17:01 devbox1 CRON[96466]: (root) CMD (   cd / && run-parts --report /etc/cron.hourly)
Mar 13 06:20:06 devbox1 systemd[1]: Starting Daily apt upgrade and clean activities...
Mar 13 06:20:08 devbox1 systemd[1]: apt-daily-upgrade.service: Deactivated successfully.
Mar 13 06:20:08 devbox1 systemd[1]: Finished Daily apt upgrade and clean activities.
Mar 13 06:20:08 devbox1 systemd[1]: apt-daily-upgrade.service: Consumed 1.836s CPU time.
Mar 13 06:25:01 devbox1 CRON[96546]: (root) CMD (test -x /usr/sbin/anacron || ( cd / && run-parts --report /etc/cron.daily ))
Mar 13 06:35:52 devbox1 systemd[1]: Starting Daily apt download activities...
Mar 13 06:35:52 devbox1 systemd[1]: Starting Update APT News...
Mar 13 06:35:52 devbox1 systemd[1]: Starting Update the local ESM caches...
Mar 13 06:35:52 devbox1 systemd[1]: apt-news.service: Deactivated successfully.
Mar 13 06:35:52 devbox1 systemd[1]: Finished Update APT News.
Mar 13 06:35:53 devbox1 systemd[1]: esm-cache.service: Deactivated successfully.
Mar 13 06:35:53 devbox1 systemd[1]: Finished Update the local ESM caches.
Mar 13 06:35:59 devbox1 systemd[1]: apt-daily.service: Deactivated successfully.
Mar 13 06:35:59 devbox1 systemd[1]: Finished Daily apt download activities.
Mar 13 06:35:59 devbox1 systemd[1]: apt-daily.service: Consumed 5.598s CPU time.
Mar 13 07:17:01 devbox1 CRON[97014]: (root) CMD (   cd / && run-parts --report /etc/cron.hourly)
Mar 13 07:27:26 devbox1 systemd[1]: Starting Message of the Day...
Mar 13 07:27:28 devbox1 50-motd-news[97046]:  * Strictly confined Kubernetes makes edge and IoT secure. Learn how MicroK8s
Mar 13 07:27:28 devbox1 50-motd-news[97046]:    just raised the bar for easy, resilient and secure K8s cluster deployment.
Mar 13 07:27:28 devbox1 50-motd-news[97046]:    https://ubuntu.com/engage/secure-kubernetes-at-the-edge
Mar 13 07:27:28 devbox1 systemd[1]: motd-news.service: Deactivated successfully.
Mar 13 07:27:28 devbox1 systemd[1]: Finished Message of the Day.
Mar 13 08:17:01 devbox1 CRON[97066]: (root) CMD (   cd / && run-parts --report /etc/cron.hourly)
Mar 13 08:35:26 devbox1 systemd[1]: Starting Refresh fwupd metadata and update motd...
Mar 13 08:35:26 devbox1 dbus-daemon[641]: [system] Activating via systemd: service name='org.freedesktop.fwupd' unit='fwupd.service' requested by ':1.176' (uid=113 pid=97074 comm="/usr/bin/fwupdmgr refresh " label="unconfined")
Mar 13 08:35:26 devbox1 systemd[1]: Starting Firmware update daemon...
Mar 13 08:35:27 devbox1 dbus-daemon[641]: [system] Successfully activated service 'org.freedesktop.fwupd'
Mar 13 08:35:27 devbox1 systemd[1]: Started Firmware update daemon.
Mar 13 08:35:27 devbox1 fwupdmgr[97074]: Updating lvfs
Mar 13 08:35:27 devbox1 fwupdmgr[97074]: Downloading?: 0%
Mar 13 08:35:27 devbox1 fwupdmgr[97074]: Downloading?: 49%
Mar 13 08:35:27 devbox1 fwupdmgr[97074]: Downloading?: 100%
Mar 13 08:35:27 devbox1 fwupdmgr[97074]: Idle?: 100%
Mar 13 08:35:27 devbox1 fwupdmgr[97074]: Downloading?: 100%
Mar 13 08:35:27 devbox1 fwupdmgr[97074]: Downloading?: 0%
Mar 13 08:35:27 devbox1 fwupdmgr[97074]: Downloading?: 2%
Mar 13 08:35:27 devbox1 fwupdmgr[97074]: Downloading?: 4%
Mar 13 08:35:27 devbox1 fwupdmgr[97074]: Downloading?: 6%
Mar 13 08:35:27 devbox1 fwupdmgr[97074]: Downloading?: 8%
Mar 13 08:35:27 devbox1 fwupdmgr[97074]: Downloading?: 10%
Mar 13 08:35:27 devbox1 fwupdmgr[97074]: Downloading?: 12%
Mar 13 08:35:27 devbox1 fwupdmgr[97074]: Downloading?: 14%
Mar 13 08:35:27 devbox1 fwupdmgr[97074]: Downloading?: 16%
Mar 13 08:35:27 devbox1 fwupdmgr[97074]: Downloading?: 18%
Mar 13 08:35:27 devbox1 fwupdmgr[97074]: Downloading?: 22%
Mar 13 08:35:27 devbox1 fwupdmgr[97074]: Downloading?: 24%
Mar 13 08:35:27 devbox1 fwupdmgr[97074]: Downloading?: 26%
Mar 13 08:35:27 devbox1 fwupdmgr[97074]: Downloading?: 28%
Mar 13 08:35:27 devbox1 fwupdmgr[97074]: Downloading?: 30%
Mar 13 08:35:27 devbox1 fwupdmgr[97074]: Downloading?: 32%
Mar 13 08:35:27 devbox1 fwupdmgr[97074]: Downloading?: 40%
Mar 13 08:35:27 devbox1 fwupdmgr[97074]: Downloading?: 42%
Mar 13 08:35:27 devbox1 fwupdmgr[97074]: Downloading?: 46%
Mar 13 08:35:27 devbox1 fwupdmgr[97074]: Downloading?: 56%
Mar 13 08:35:27 devbox1 fwupdmgr[97074]: Downloading?: 62%
Mar 13 08:35:27 devbox1 fwupdmgr[97074]: Downloading?: 64%
Mar 13 08:35:27 devbox1 fwupdmgr[97074]: Downloading?: 68%
Mar 13 08:35:27 devbox1 fwupdmgr[97074]: Downloading?: 75%
Mar 13 08:35:27 devbox1 fwupdmgr[97074]: Downloading?: 77%
Mar 13 08:35:27 devbox1 fwupdmgr[97074]: Downloading?: 100%
Mar 13 08:35:27 devbox1 fwupdmgr[97074]: Idle?: 100%
Mar 13 08:35:28 devbox1 fwupdmgr[97074]: Successfully downloaded new metadata: 0 local devices supported
Mar 13 08:35:28 devbox1 systemd[1]: fwupd-refresh.service: Deactivated successfully.
Mar 13 08:35:28 devbox1 systemd[1]: Finished Refresh fwupd metadata and update motd.
Mar 13 09:17:01 devbox1 CRON[97125]: (root) CMD (   cd / && run-parts --report /etc/cron.hourly)
Mar 13 10:17:01 devbox1 CRON[97140]: (root) CMD (   cd / && run-parts --report /etc/cron.hourly)
Mar 13 10:35:29 devbox1 systemd[1]: fwupd.service: Deactivated successfully.
Mar 13 10:35:29 devbox1 systemd[1]: fwupd.service: Consumed 1.647s CPU time.
Mar 13 10:39:13 devbox1 snapd[653]: storehelpers.go:769: cannot refresh: snap has no updates available: "core20", "lxd", "snapd"
Mar 13 10:39:13 devbox1 snapd[653]: autorefresh.go:551: auto-refresh: all snaps are up-to-date
Mar 13 10:39:46 devbox1 systemd[1]: Starting Ubuntu Advantage Timer for running repeated jobs...
Mar 13 10:39:47 devbox1 systemd[1]: ua-timer.service: Deactivated successfully.
Mar 13 10:39:47 devbox1 systemd[1]: Finished Ubuntu Advantage Timer for running repeated jobs.
Mar 13 11:06:02 devbox1 systemd[1]: Starting Download data for packages that failed at package install time...
Mar 13 11:06:03 devbox1 systemd[1]: update-notifier-download.service: Deactivated successfully.
Mar 13 11:06:03 devbox1 systemd[1]: Finished Download data for packages that failed at package install time.
Mar 13 11:17:01 devbox1 CRON[97176]: (root) CMD (   cd / && run-parts --report /etc/cron.hourly)
Mar 13 12:17:01 devbox1 CRON[97197]: (root) CMD (   cd / && run-parts --report /etc/cron.hourly)
Mar 13 13:17:01 devbox1 CRON[97219]: (root) CMD (   cd / && run-parts --report /etc/cron.hourly)
Mar 13 14:17:01 devbox1 CRON[97234]: (root) CMD (   cd / && run-parts --report /etc/cron.hourly)
Mar 13 14:52:47 devbox1 systemd[1]: Starting Message of the Day...
Mar 13 14:52:48 devbox1 50-motd-news[97272]:  * Strictly confined Kubernetes makes edge and IoT secure. Learn how MicroK8s
Mar 13 14:52:48 devbox1 50-motd-news[97272]:    just raised the bar for easy, resilient and secure K8s cluster deployment.
Mar 13 14:52:48 devbox1 50-motd-news[97272]:    https://ubuntu.com/engage/secure-kubernetes-at-the-edge
Mar 13 14:52:48 devbox1 systemd[1]: motd-news.service: Deactivated successfully.
Mar 13 14:52:48 devbox1 systemd[1]: Finished Message of the Day.
Mar 13 15:17:01 devbox1 CRON[97285]: (root) CMD (   cd / && run-parts --report /etc/cron.hourly)
Mar 13 16:17:01 devbox1 CRON[97304]: (root) CMD (   cd / && run-parts --report /etc/cron.hourly)
Mar 13 16:19:13 devbox1 snapd[653]: storehelpers.go:769: cannot refresh: snap has no updates available: "core20", "lxd", "snapd"
Mar 13 16:19:13 devbox1 snapd[653]: autorefresh.go:551: auto-refresh: all snaps are up-to-date
Mar 13 16:53:11 devbox1 systemd[1]: unattended-upgrades.service: Deactivated successfully.
Mar 13 16:53:11 devbox1 systemd[1]: Stopped Unattended Upgrades Shutdown.
Mar 13 16:53:11 devbox1 systemd[1]: Stopping Session 1 of User geneva...
Mar 13 16:53:11 devbox1 snapd[653]: main.go:155: Exiting on terminated signal.
Mar 13 16:53:11 devbox1 systemd[1]: Stopping Session 27 of User geneva...
Mar 13 16:53:11 devbox1 systemd[1]: Removed slice Slice /system/modprobe.
Mar 13 16:53:11 devbox1 systemd[1]: Stopped target Cloud-init target.
Mar 13 16:53:11 devbox1 systemd[1]: Stopped target Graphical Interface.
Mar 13 16:53:11 devbox1 systemd[1]: Stopped target Host and Network Name Lookups.
Mar 13 16:53:11 devbox1 systemd[1]: Stopped target Sound Card.
Mar 13 16:53:11 devbox1 systemd[1]: Stopped target Timer Units.
Mar 13 16:53:11 devbox1 systemd[1]: apt-daily-upgrade.timer: Deactivated successfully.
Mar 13 16:53:11 devbox1 systemd[1]: Stopped Daily apt upgrade and clean activities.
Mar 13 16:53:11 devbox1 systemd[1]: apt-daily.timer: Deactivated successfully.
Mar 13 16:53:11 devbox1 systemd[1]: Stopped Daily apt download activities.
Mar 13 16:53:11 devbox1 systemd[1]: dpkg-db-backup.timer: Deactivated successfully.
Mar 13 16:53:11 devbox1 systemd[1]: Stopped Daily dpkg database backup timer.
Mar 13 16:53:11 devbox1 systemd[1]: e2scrub_all.timer: Deactivated successfully.
Mar 13 16:53:11 devbox1 systemd[1]: Stopped Periodic ext4 Online Metadata Check for All Filesystems.
Mar 13 16:53:11 devbox1 systemd[1]: fstrim.timer: Deactivated successfully.
Mar 13 16:53:11 devbox1 systemd[1]: Stopped Discard unused blocks once a week.
Mar 13 16:53:11 devbox1 systemd[1]: fwupd-refresh.timer: Deactivated successfully.
Mar 13 16:53:11 devbox1 systemd[1]: Stopped Refresh fwupd metadata regularly.
Mar 13 16:53:11 devbox1 systemd[1]: logrotate.timer: Deactivated successfully.
Mar 13 16:53:11 devbox1 systemd[1]: Stopped Daily rotation of log files.
Mar 13 16:53:11 devbox1 systemd[1]: man-db.timer: Deactivated successfully.
Mar 14 00:12:37 devbox1 kernel: [    0.000000] Linux version 5.15.0-67-generic (buildd@lcy02-amd64-116) (gcc (Ubuntu 11.3.0-1ubuntu1~22.04) 11.3.0, GNU ld (GNU Binutils for Ubuntu) 2.38) #74-Ubuntu SMP Wed Feb 22 14:14:39 UTC 2023 (Ubuntu 5.15.0-67.74-generic 5.15.85)
Mar 14 00:12:37 devbox1 kernel: [    0.000000] Command line: BOOT_IMAGE=/vmlinuz-5.15.0-67-generic root=/dev/mapper/ubuntu--vg-ubuntu--lv ro
Mar 14 00:12:37 devbox1 kernel: [    0.000000] KERNEL supported cpus:
Mar 14 00:12:37 devbox1 kernel: [    0.000000]   Intel GenuineIntel
Mar 14 00:12:37 devbox1 kernel: [    0.000000]   AMD AuthenticAMD
Mar 14 00:12:37 devbox1 kernel: [    0.000000]   Hygon HygonGenuine
Mar 14 00:12:37 devbox1 kernel: [    0.000000]   Centaur CentaurHauls
Mar 14 00:12:37 devbox1 kernel: [    0.000000]   zhaoxin   Shanghai  
Mar 14 00:12:37 devbox1 kernel: [    0.000000] x86/fpu: Supporting XSAVE feature 0x001: 'x87 floating point registers'
Mar 14 00:12:37 devbox1 kernel: [    0.000000] x86/fpu: Supporting XSAVE feature 0x002: 'SSE registers'
Mar 14 00:12:37 devbox1 kernel: [    0.000000] x86/fpu: Supporting XSAVE feature 0x004: 'AVX registers'
Mar 14 00:12:37 devbox1 kernel: [    0.000000] x86/fpu: xstate_offset[2]:  576, xstate_sizes[2]:  256
Mar 14 00:12:37 devbox1 kernel: [    0.000000] x86/fpu: Enabled xstate features 0x7, context size is 832 bytes, using 'standard' format.
Mar 14 00:12:37 devbox1 kernel: [    0.000000] signal: max sigframe size: 1776
Mar 14 00:12:37 devbox1 kernel: [    0.000000] BIOS-provided physical RAM map:
Mar 14 00:12:37 devbox1 kernel: [    0.000000] BIOS-e820: [mem 0x0000000000000000-0x000000000009fbff] usable
Mar 14 00:12:37 devbox1 kernel: [    0.000000] BIOS-e820: [mem 0x000000000009fc00-0x000000000009ffff] reserved
Mar 14 00:12:37 devbox1 kernel: [    0.000000] BIOS-e820: [mem 0x00000000000f0000-0x00000000000fffff] reserved
Mar 14 00:12:37 devbox1 kernel: [    0.000000] BIOS-e820: [mem 0x0000000000100000-0x000000003ffeffff] usable
Mar 14 00:12:37 devbox1 kernel: [    0.000000] BIOS-e820: [mem 0x000000003fff0000-0x000000003fffffff] ACPI data
Mar 14 00:12:37 devbox1 kernel: [    0.000000] BIOS-e820: [mem 0x00000000fec00000-0x00000000fec00fff] reserved
Mar 14 00:12:37 devbox1 kernel: [    0.000000] BIOS-e820: [mem 0x00000000fee00000-0x00000000fee00fff] reserved
Mar 14 00:12:37 devbox1 kernel: [    0.000000] BIOS-e820: [mem 0x00000000fffc0000-0x00000000ffffffff] reserved
Mar 14 00:12:37 devbox1 kernel: [    0.000000] NX (Execute Disable) protection: active
Mar 14 00:12:37 devbox1 kernel: [    0.000000] SMBIOS 2.5 present.
Mar 14 00:12:37 devbox1 kernel: [    0.000000] DMI: innotek GmbH VirtualBox/VirtualBox, BIOS VirtualBox 12/01/2006
Mar 14 00:12:37 devbox1 kernel: [    0.000000] Hypervisor detected: KVM
Mar 14 00:12:37 devbox1 kernel: [    0.000000] kvm-clock: Using msrs 4b564d01 and 4b564d00
Mar 14 00:12:37 devbox1 kernel: [    0.000000] kvm-clock: cpu 0, msr 29801001, primary cpu clock
Mar 14 00:12:37 devbox1 kernel: [    0.000002] kvm-clock: using sched offset of 75383611835 cycles
Mar 14 00:12:37 devbox1 kernel: [    0.000005] clocksource: kvm-clock: mask: 0xffffffffffffffff max_cycles: 0x1cd42e4dffb, max_idle_ns: 881590591483 ns
Mar 14 00:12:37 devbox1 kernel: [    0.000008] tsc: Detected 3303.894 MHz processor
Mar 14 00:12:37 devbox1 kernel: [    0.001219] e820: update [mem 0x00000000-0x00000fff] usable ==> reserved
Mar 14 00:12:37 devbox1 kernel: [    0.001222] e820: remove [mem 0x000a0000-0x000fffff] usable
Mar 14 00:12:37 devbox1 kernel: [    0.001227] last_pfn = 0x3fff0 max_arch_pfn = 0x400000000
Mar 14 00:12:37 devbox1 kernel: [    0.001238] Disabled
Mar 14 00:12:37 devbox1 kernel: [    0.001239] x86/PAT: MTRRs disabled, skipping PAT initialization too.
Mar 14 00:12:37 devbox1 kernel: [    0.001242] CPU MTRRs all blank - virtualized system.
Mar 14 00:12:37 devbox1 kernel: [    0.001244] x86/PAT: Configuration [0-7]: WB  WT  UC- UC  WB  WT  UC- UC  
Mar 14 00:12:37 devbox1 kernel: [    0.001334] found SMP MP-table at [mem 0x0009fff0-0x0009ffff]
Mar 14 00:12:37 devbox1 kernel: [    0.001549] RAMDISK: [mem 0x2ad13000-0x31680fff]
Mar 14 00:12:37 devbox1 kernel: [    0.001564] ACPI: Early table checksum verification disabled
Mar 14 00:12:37 devbox1 kernel: [    0.001569] ACPI: RSDP 0x00000000000E0000 000024 (v02 VBOX  )
Mar 14 00:12:37 devbox1 kernel: [    0.001574] ACPI: XSDT 0x000000003FFF0030 00003C (v01 VBOX   VBOXXSDT 00000001 ASL  00000061)
Mar 14 00:12:37 devbox1 kernel: [    0.001580] ACPI: FACP 0x000000003FFF00F0 0000F4 (v04 VBOX   VBOXFACP 00000001 ASL  00000061)
Mar 14 00:12:37 devbox1 kernel: [    0.001587] ACPI: DSDT 0x000000003FFF0480 002325 (v02 VBOX   VBOXBIOS 00000002 INTL 20200925)
Mar 14 00:12:37 devbox1 kernel: [    0.001592] ACPI: FACS 0x000000003FFF0200 000040
Mar 14 00:12:37 devbox1 kernel: [    0.001596] ACPI: FACS 0x000000003FFF0200 000040
Mar 14 00:12:37 devbox1 kernel: [    0.001599] ACPI: APIC 0x000000003FFF0240 00006C (v02 VBOX   VBOXAPIC 00000001 ASL  00000061)
Mar 14 00:12:37 devbox1 kernel: [    0.001603] ACPI: SSDT 0x000000003FFF02B0 0001CC (v01 VBOX   VBOXCPUT 00000002 INTL 20200925)
Mar 14 00:12:37 devbox1 kernel: [    0.001607] ACPI: Reserving FACP table memory at [mem 0x3fff00f0-0x3fff01e3]
Mar 14 00:12:37 devbox1 kernel: [    0.001608] ACPI: Reserving DSDT table memory at [mem 0x3fff0480-0x3fff27a4]
Mar 14 00:12:37 devbox1 kernel: [    0.001609] ACPI: Reserving FACS table memory at [mem 0x3fff0200-0x3fff023f]
Mar 14 00:12:37 devbox1 kernel: [    0.001610] ACPI: Reserving FACS table memory at [mem 0x3fff0200-0x3fff023f]
Mar 14 00:12:37 devbox1 kernel: [    0.001611] ACPI: Reserving APIC table memory at [mem 0x3fff0240-0x3fff02ab]
Mar 14 00:12:37 devbox1 kernel: [    0.001612] ACPI: Reserving SSDT table memory at [mem 0x3fff02b0-0x3fff047b]
Mar 14 00:12:37 devbox1 kernel: [    0.001842] No NUMA configuration found
Mar 14 00:12:37 devbox1 kernel: [    0.001844] Faking a node at [mem 0x0000000000000000-0x000000003ffeffff]
Mar 14 00:12:37 devbox1 kernel: [    0.001852] NODE_DATA(0) allocated [mem 0x3ffc6000-0x3ffeffff]
Mar 14 00:12:37 devbox1 kernel: [    0.002099] Zone ranges:
Mar 14 00:12:37 devbox1 kernel: [    0.002100]   DMA      [mem 0x0000000000001000-0x0000000000ffffff]
Mar 14 00:12:37 devbox1 kernel: [    0.002102]   DMA32    [mem 0x0000000001000000-0x000000003ffeffff]
Mar 14 00:12:37 devbox1 kernel: [    0.002104]   Normal   empty
Mar 14 00:12:37 devbox1 kernel: [    0.002105]   Device   empty
Mar 14 00:12:37 devbox1 kernel: [    0.002106] Movable zone start for each node
Mar 14 00:12:37 devbox1 kernel: [    0.002108] Early memory node ranges
Mar 14 00:12:37 devbox1 kernel: [    0.002109]   node   0: [mem 0x0000000000001000-0x000000000009efff]
Mar 14 00:12:37 devbox1 kernel: [    0.002110]   node   0: [mem 0x0000000000100000-0x000000003ffeffff]
Mar 14 00:12:37 devbox1 kernel: [    0.002112] Initmem setup node 0 [mem 0x0000000000001000-0x000000003ffeffff]
Mar 14 00:12:37 devbox1 kernel: [    0.002117] On node 0, zone DMA: 1 pages in unavailable ranges
Mar 14 00:12:37 devbox1 kernel: [    0.002148] On node 0, zone DMA: 97 pages in unavailable ranges
Mar 14 00:12:37 devbox1 kernel: [    0.004100] On node 0, zone DMA32: 16 pages in unavailable ranges
Mar 14 00:12:37 devbox1 kernel: [    0.004390] ACPI: PM-Timer IO Port: 0x4008
Mar 14 00:12:37 devbox1 kernel: [    0.004449] IOAPIC[0]: apic_id 4, version 32, address 0xfec00000, GSI 0-23
Mar 14 00:12:37 devbox1 kernel: [    0.004453] ACPI: INT_SRC_OVR (bus 0 bus_irq 0 global_irq 2 dfl dfl)
Mar 14 00:12:37 devbox1 kernel: [    0.004455] ACPI: INT_SRC_OVR (bus 0 bus_irq 9 global_irq 9 low level)
Mar 14 00:12:37 devbox1 kernel: [    0.004459] ACPI: Using ACPI (MADT) for SMP configuration information
Mar 14 00:12:37 devbox1 kernel: [    0.004466] smpboot: Allowing 4 CPUs, 0 hotplug CPUs
Mar 14 00:12:37 devbox1 kernel: [    0.004484] PM: hibernation: Registered nosave memory: [mem 0x00000000-0x00000fff]
Mar 14 00:12:37 devbox1 kernel: [    0.004486] PM: hibernation: Registered nosave memory: [mem 0x0009f000-0x0009ffff]
Mar 14 00:12:37 devbox1 kernel: [    0.004487] PM: hibernation: Registered nosave memory: [mem 0x000a0000-0x000effff]
Mar 14 00:12:37 devbox1 kernel: [    0.004488] PM: hibernation: Registered nosave memory: [mem 0x000f0000-0x000fffff]
Mar 14 00:12:37 devbox1 kernel: [    0.004490] [mem 0x40000000-0xfebfffff] available for PCI devices
Mar 14 00:12:37 devbox1 kernel: [    0.004491] Booting paravirtualized kernel on KVM
Mar 14 00:12:37 devbox1 kernel: [    0.004494] clocksource: refined-jiffies: mask: 0xffffffff max_cycles: 0xffffffff, max_idle_ns: 7645519600211568 ns
Mar 14 00:12:37 devbox1 kernel: [    0.004500] setup_percpu: NR_CPUS:8192 nr_cpumask_bits:4 nr_cpu_ids:4 nr_node_ids:1
Mar 14 00:12:37 devbox1 kernel: [    0.004637] percpu: Embedded 60 pages/cpu s208896 r8192 d28672 u524288
Mar 14 00:12:37 devbox1 kernel: [    0.004642] pcpu-alloc: s208896 r8192 d28672 u524288 alloc=1*2097152
Mar 14 00:12:37 devbox1 kernel: [    0.004644] pcpu-alloc: [0] 0 1 2 3 
Mar 14 00:12:37 devbox1 kernel: [    0.004663] kvm-guest: PV spinlocks enabled
Mar 14 00:12:37 devbox1 kernel: [    0.004665] PV qspinlock hash table entries: 256 (order: 0, 4096 bytes, linear)
Mar 14 00:12:37 devbox1 kernel: [    0.004675] Built 1 zonelists, mobility grouping on.  Total pages: 257776
Mar 14 00:12:37 devbox1 kernel: [    0.004676] Policy zone: DMA32
Mar 14 00:12:37 devbox1 kernel: [    0.004677] Kernel command line: BOOT_IMAGE=/vmlinuz-5.15.0-67-generic root=/dev/mapper/ubuntu--vg-ubuntu--lv ro
Mar 14 00:12:37 devbox1 kernel: [    0.004711] Unknown kernel command line parameters "BOOT_IMAGE=/vmlinuz-5.15.0-67-generic", will be passed to user space.
Mar 14 00:12:37 devbox1 kernel: [    0.004755] Dentry cache hash table entries: 131072 (order: 8, 1048576 bytes, linear)
Mar 14 00:12:37 devbox1 kernel: [    0.004776] Inode-cache hash table entries: 65536 (order: 7, 524288 bytes, linear)
Mar 14 00:12:37 devbox1 kernel: [    0.004858] mem auto-init: stack:off, heap alloc:on, heap free:off
Mar 14 00:12:37 devbox1 kernel: [    0.007059] Memory: 875040K/1048120K available (16393K kernel code, 4379K rwdata, 10820K rodata, 3240K init, 6556K bss, 172820K reserved, 0K cma-reserved)
Mar 14 00:12:37 devbox1 kernel: [    0.007554] SLUB: HWalign=64, Order=0-3, MinObjects=0, CPUs=4, Nodes=1
Mar 14 00:12:37 devbox1 kernel: [    0.007583] Kernel/User page tables isolation: enabled
Mar 14 00:12:37 devbox1 kernel: [    0.007598] ftrace: allocating 50555 entries in 198 pages
Mar 14 00:12:37 devbox1 kernel: [    0.027030] ftrace: allocated 198 pages with 4 groups
Mar 14 00:12:37 devbox1 kernel: [    0.027168] rcu: Hierarchical RCU implementation.
Mar 14 00:12:37 devbox1 kernel: [    0.027170] rcu: 	RCU restricting CPUs from NR_CPUS=8192 to nr_cpu_ids=4.
Mar 14 00:12:37 devbox1 kernel: [    0.027172] 	Rude variant of Tasks RCU enabled.
Mar 14 00:12:37 devbox1 kernel: [    0.027172] 	Tracing variant of Tasks RCU enabled.
Mar 14 00:12:37 devbox1 kernel: [    0.027173] rcu: RCU calculated value of scheduler-enlistment delay is 25 jiffies.
Mar 14 00:12:37 devbox1 kernel: [    0.027174] rcu: Adjusting geometry for rcu_fanout_leaf=16, nr_cpu_ids=4
Mar 14 00:12:37 devbox1 kernel: [    0.030792] NR_IRQS: 524544, nr_irqs: 456, preallocated irqs: 16
Mar 14 00:12:37 devbox1 kernel: [    0.031194] random: crng init done
Mar 14 00:12:37 devbox1 kernel: [    0.038278] Console: colour VGA+ 80x25
Mar 14 00:12:37 devbox1 kernel: [    0.060318] printk: console [tty0] enabled
Mar 14 00:12:37 devbox1 kernel: [    0.060501] ACPI: Core revision 20210730
Mar 14 00:12:37 devbox1 kernel: [    0.060751] APIC: Switch to symmetric I/O mode setup
Mar 14 00:12:37 devbox1 kernel: [    0.061116] x2apic enabled
Mar 14 00:12:37 devbox1 kernel: [    0.061417] Switched APIC routing to physical x2apic.
Mar 14 00:12:37 devbox1 kernel: [    0.062491] ..TIMER: vector=0x30 apic1=0 pin1=2 apic2=-1 pin2=-1
Mar 14 00:12:37 devbox1 kernel: [    0.062704] clocksource: tsc-early: mask: 0xffffffffffffffff max_cycles: 0x2f9faabcb82, max_idle_ns: 440795277692 ns
Mar 14 00:12:37 devbox1 kernel: [    0.063037] Calibrating delay loop (skipped) preset value.. 6607.78 BogoMIPS (lpj=13215576)
Mar 14 00:12:37 devbox1 kernel: [    0.063319] pid_max: default: 32768 minimum: 301
Mar 14 00:12:37 devbox1 kernel: [    0.063505] LSM: Security Framework initializing
Mar 14 00:12:37 devbox1 kernel: [    0.063681] landlock: Up and running.
Mar 14 00:12:37 devbox1 kernel: [    0.063828] Yama: becoming mindful.
Mar 14 00:12:37 devbox1 kernel: [    0.063991] AppArmor: AppArmor initialized
Mar 14 00:12:37 devbox1 kernel: [    0.064177] Mount-cache hash table entries: 2048 (order: 2, 16384 bytes, linear)
Mar 14 00:12:37 devbox1 kernel: [    0.064442] Mountpoint-cache hash table entries: 2048 (order: 2, 16384 bytes, linear)
Mar 14 00:12:37 devbox1 kernel: [    0.064995] Last level iTLB entries: 4KB 1024, 2MB 1024, 4MB 1024
Mar 14 00:12:37 devbox1 kernel: [    0.065200] Last level dTLB entries: 4KB 1024, 2MB 1024, 4MB 1024, 1GB 4
Mar 14 00:12:37 devbox1 kernel: [    0.065443] Spectre V1 : Mitigation: usercopy/swapgs barriers and __user pointer sanitization
Mar 14 00:12:37 devbox1 kernel: [    0.065829] Spectre V2 : Mitigation: Retpolines
Mar 14 00:12:37 devbox1 kernel: [    0.066017] Spectre V2 : Spectre v2 / SpectreRSB mitigation: Filling RSB on context switch
Mar 14 00:12:37 devbox1 kernel: [    0.066410] Spectre V2 : Spectre v2 / SpectreRSB : Filling RSB on VMEXIT
Mar 14 00:12:37 devbox1 kernel: [    0.066657] Speculative Store Bypass: Vulnerable
Mar 14 00:12:37 devbox1 kernel: [    0.066832] MDS: Mitigation: Clear CPU buffers
Mar 14 00:12:37 devbox1 kernel: [    0.067001] MMIO Stale Data: Unknown: No mitigations
Mar 14 00:12:37 devbox1 kernel: [    0.067032] SRBDS: Unknown: Dependent on hypervisor status
Mar 14 00:12:37 devbox1 kernel: [    0.084730] Freeing SMP alternatives memory: 44K
Mar 14 00:12:37 devbox1 kernel: [    0.194126] smpboot: CPU0: Intel(R) Core(TM) i5-4590 CPU @ 3.30GHz (family: 0x6, model: 0x3c, stepping: 0x3)
Mar 14 00:12:37 devbox1 kernel: [    0.194602] Performance Events: unsupported p6 CPU model 60 no PMU driver, software events only.
Mar 14 00:12:37 devbox1 kernel: [    0.194927] rcu: Hierarchical SRCU implementation.
Mar 14 00:12:37 devbox1 kernel: [    0.195032] NMI watchdog: Perf NMI watchdog permanently disabled
Mar 14 00:12:37 devbox1 kernel: [    0.195032] smp: Bringing up secondary CPUs ...
Mar 14 00:12:37 devbox1 kernel: [    0.195032] x86: Booting SMP configuration:
Mar 14 00:12:37 devbox1 kernel: [    0.195032] .... node  #0, CPUs:      #1
Mar 14 00:12:37 devbox1 kernel: [    0.035851] kvm-clock: cpu 1, msr 29801041, secondary cpu clock
Mar 14 00:12:37 devbox1 kernel: [    0.195127]  #2
Mar 14 00:12:37 devbox1 kernel: [    0.035851] kvm-clock: cpu 2, msr 29801081, secondary cpu clock
Mar 14 00:12:37 devbox1 kernel: [    0.197744]  #3
Mar 14 00:12:37 devbox1 kernel: [    0.035851] kvm-clock: cpu 3, msr 298010c1, secondary cpu clock
Mar 14 00:12:37 devbox1 kernel: [    0.201102] smp: Brought up 1 node, 4 CPUs
Mar 14 00:12:37 devbox1 kernel: [    0.201102] smpboot: Max logical packages: 1
Mar 14 00:12:37 devbox1 kernel: [    0.201102] smpboot: Total of 4 processors activated (26431.15 BogoMIPS)
Mar 14 00:12:37 devbox1 kernel: [    0.201102] devtmpfs: initialized
Mar 14 00:12:37 devbox1 kernel: [    0.201102] x86/mm: Memory block size: 128MB
Mar 14 00:12:37 devbox1 kernel: [    0.203114] clocksource: jiffies: mask: 0xffffffff max_cycles: 0xffffffff, max_idle_ns: 7645041785100000 ns
Mar 14 00:12:37 devbox1 kernel: [    0.203713] futex hash table entries: 1024 (order: 4, 65536 bytes, linear)
Mar 14 00:12:37 devbox1 kernel: [    0.204007] pinctrl core: initialized pinctrl subsystem
Mar 14 00:12:37 devbox1 kernel: [    0.204332] PM: RTC time: 00:09:11, date: 2023-03-14
Mar 14 00:12:37 devbox1 kernel: [    0.204796] NET: Registered PF_NETLINK/PF_ROUTE protocol family
Mar 14 00:12:37 devbox1 kernel: [    0.205123] DMA: preallocated 128 KiB GFP_KERNEL pool for atomic allocations
Mar 14 00:12:37 devbox1 kernel: [    0.205386] DMA: preallocated 128 KiB GFP_KERNEL|GFP_DMA pool for atomic allocations
Mar 14 00:12:37 devbox1 kernel: [    0.205687] DMA: preallocated 128 KiB GFP_KERNEL|GFP_DMA32 pool for atomic allocations
Mar 14 00:12:37 devbox1 kernel: [    0.206042] audit: initializing netlink subsys (disabled)
Mar 14 00:12:37 devbox1 kernel: [    0.206359] audit: type=2000 audit(1678752628.382:1): state=initialized audit_enabled=0 res=1
Mar 14 00:12:37 devbox1 kernel: [    0.207099] thermal_sys: Registered thermal governor 'fair_share'
Mar 14 00:12:37 devbox1 kernel: [    0.207100] thermal_sys: Registered thermal governor 'bang_bang'
Mar 14 00:12:37 devbox1 kernel: [    0.207326] thermal_sys: Registered thermal governor 'step_wise'
Mar 14 00:12:37 devbox1 kernel: [    0.207544] thermal_sys: Registered thermal governor 'user_space'
Mar 14 00:12:37 devbox1 kernel: [    0.207761] thermal_sys: Registered thermal governor 'power_allocator'
Mar 14 00:12:37 devbox1 kernel: [    0.207996] EISA bus registered
Mar 14 00:12:37 devbox1 kernel: [    0.208971] cpuidle: using governor ladder
Mar 14 00:12:37 devbox1 kernel: [    0.209150] cpuidle: using governor menu
Mar 14 00:12:37 devbox1 kernel: [    0.209373] ACPI: bus type PCI registered
Mar 14 00:12:37 devbox1 kernel: [    0.209530] acpiphp: ACPI Hot Plug PCI Controller Driver version: 0.5
Mar 14 00:12:37 devbox1 kernel: [    0.209834] PCI: Using configuration type 1 for base access
Mar 14 00:12:37 devbox1 kernel: [    0.211482] Kprobes globally optimized
Mar 14 00:12:37 devbox1 kernel: [    0.211669] HugeTLB registered 2.00 MiB page size, pre-allocated 0 pages
Mar 14 00:12:37 devbox1 kernel: [    0.215116] ACPI: Added _OSI(Module Device)
Mar 14 00:12:37 devbox1 kernel: [    0.215294] ACPI: Added _OSI(Processor Device)
Mar 14 00:12:37 devbox1 kernel: [    0.215463] ACPI: Added _OSI(3.0 _SCP Extensions)
Mar 14 00:12:37 devbox1 kernel: [    0.215637] ACPI: Added _OSI(Processor Aggregator Device)
Mar 14 00:12:37 devbox1 kernel: [    0.215826] ACPI: Added _OSI(Linux-Dell-Video)
Mar 14 00:12:37 devbox1 kernel: [    0.216020] ACPI: Added _OSI(Linux-Lenovo-NV-HDMI-Audio)
Mar 14 00:12:37 devbox1 kernel: [    0.216215] ACPI: Added _OSI(Linux-HPI-Hybrid-Graphics)
Mar 14 00:12:37 devbox1 kernel: [    0.219231] ACPI: 2 ACPI AML tables successfully acquired and loaded
Mar 14 00:12:37 devbox1 kernel: [    0.220744] ACPI: Interpreter enabled
Mar 14 00:12:37 devbox1 kernel: [    0.220933] ACPI: PM: (supports S0 S5)
Mar 14 00:12:37 devbox1 kernel: [    0.221088] ACPI: Using IOAPIC for interrupt routing
Mar 14 00:12:37 devbox1 kernel: [    0.221461] PCI: Using host bridge windows from ACPI; if necessary, use "pci=nocrs" and report a bug
Mar 14 00:12:37 devbox1 kernel: [    0.221760] PCI: Using E820 reservations for host bridge windows
Mar 14 00:12:37 devbox1 kernel: [    0.222048] ACPI: Enabled 2 GPEs in block 00 to 07
Mar 14 00:12:37 devbox1 kernel: [    0.227195] ACPI: PCI Root Bridge [PCI0] (domain 0000 [bus 00-ff])
Mar 14 00:12:37 devbox1 kernel: [    0.227467] acpi PNP0A03:00: _OSC: OS supports [ASPM ClockPM Segments MSI EDR HPX-Type3]
Mar 14 00:12:37 devbox1 kernel: [    0.228266] acpi PNP0A03:00: _OSC: not requesting OS control; OS requires [ExtendedConfig ASPM ClockPM MSI]
Mar 14 00:12:37 devbox1 kernel: [    0.228644] acpi PNP0A03:00: fail to add MMCONFIG information, can't access extended PCI configuration space under this bridge.
Mar 14 00:12:37 devbox1 kernel: [    0.229403] PCI host bridge to bus 0000:00
Mar 14 00:12:37 devbox1 kernel: [    0.229586] pci_bus 0000:00: root bus resource [bus 00-ff]
Mar 14 00:12:37 devbox1 kernel: [    0.229795] pci_bus 0000:00: root bus resource [io  0x0000-0x0cf7 window]
Mar 14 00:12:37 devbox1 kernel: [    0.230031] pci_bus 0000:00: root bus resource [io  0x0d00-0xffff window]
Mar 14 00:12:37 devbox1 kernel: [    0.230266] pci_bus 0000:00: root bus resource [mem 0x000a0000-0x000bffff window]
Mar 14 00:12:37 devbox1 kernel: [    0.230561] pci_bus 0000:00: root bus resource [mem 0x40000000-0xfdffffff window]
Mar 14 00:12:37 devbox1 kernel: [    0.231032] pci 0000:00:00.0: [8086:1237] type 00 class 0x060000
Mar 14 00:12:37 devbox1 kernel: [    0.231947] pci 0000:00:01.0: [8086:7000] type 00 class 0x060100
Mar 14 00:12:37 devbox1 kernel: [    0.232768] pci 0000:00:01.1: [8086:7111] type 00 class 0x01018a
Mar 14 00:12:37 devbox1 kernel: [    0.233209] pci 0000:00:01.1: reg 0x20: [io  0xd000-0xd00f]
Mar 14 00:12:37 devbox1 kernel: [    0.233490] pci 0000:00:01.1: legacy IDE quirk: reg 0x10: [io  0x01f0-0x01f7]
Mar 14 00:12:37 devbox1 kernel: [    0.233708] pci 0000:00:01.1: legacy IDE quirk: reg 0x14: [io  0x03f6]
Mar 14 00:12:37 devbox1 kernel: [    0.233915] pci 0000:00:01.1: legacy IDE quirk: reg 0x18: [io  0x0170-0x0177]
Mar 14 00:12:37 devbox1 kernel: [    0.234134] pci 0000:00:01.1: legacy IDE quirk: reg 0x1c: [io  0x0376]
Mar 14 00:12:37 devbox1 kernel: [    0.234922] pci 0000:00:02.0: [15ad:0405] type 00 class 0x030000
Mar 14 00:12:37 devbox1 lvm[394]:   1 logical volume(s) in volume group "ubuntu-vg" monitored
Mar 14 00:12:37 devbox1 kernel: [    0.237115] pci 0000:00:02.0: reg 0x10: [io  0xd010-0xd01f]
Mar 14 00:12:37 devbox1 kernel: [    0.239065] pci 0000:00:02.0: reg 0x14: [mem 0xe0000000-0xe7ffffff pref]
Mar 14 00:12:37 devbox1 kernel: [    0.241152] pci 0000:00:02.0: reg 0x18: [mem 0xf0000000-0xf01fffff]
Mar 14 00:12:37 devbox1 kernel: [    0.249535] pci 0000:00:02.0: Video device with shadowed ROM at [mem 0x000c0000-0x000dffff]
Mar 14 00:12:37 devbox1 kernel: [    0.251216] pci 0000:00:03.0: [8086:100e] type 00 class 0x020000
Mar 14 00:12:37 devbox1 kernel: [    0.252344] pci 0000:00:03.0: reg 0x10: [mem 0xf0200000-0xf021ffff]
Mar 14 00:12:37 devbox1 kernel: [    0.253572] pci 0000:00:03.0: reg 0x18: [io  0xd020-0xd027]
Mar 14 00:12:37 devbox1 kernel: [    0.256400] pci 0000:00:04.0: [80ee:cafe] type 00 class 0x088000
Mar 14 00:12:37 devbox1 kernel: [    0.257255] pci 0000:00:04.0: reg 0x10: [io  0xd040-0xd05f]
Mar 14 00:12:37 devbox1 kernel: [    0.258002] pci 0000:00:04.0: reg 0x14: [mem 0xf0400000-0xf07fffff]
Mar 14 00:12:37 devbox1 kernel: [    0.259123] pci 0000:00:04.0: reg 0x18: [mem 0xf0800000-0xf0803fff pref]
Mar 14 00:12:37 devbox1 kernel: [    0.262847] pci 0000:00:05.0: [8086:2415] type 00 class 0x040100
Mar 14 00:12:37 devbox1 systemd[1]: Starting Flush Journal to Persistent Storage...
Mar 14 00:12:37 devbox1 kernel: [    0.263117] pci 0000:00:05.0: reg 0x10: [io  0xd100-0xd1ff]
Mar 14 00:12:37 devbox1 kernel: [    0.263388] pci 0000:00:05.0: reg 0x14: [io  0xd200-0xd23f]
Mar 14 00:12:37 devbox1 kernel: [    0.264295] pci 0000:00:06.0: [106b:003f] type 00 class 0x0c0310
Mar 14 00:12:37 devbox1 systemd[1]: modprobe@chromeos_pstore.service: Deactivated successfully.
Mar 14 00:12:37 devbox1 systemd[1]: Finished Load Kernel Module chromeos_pstore.
Mar 14 00:12:37 devbox1 systemd[1]: modprobe@pstore_blk.service: Deactivated successfully.
Mar 14 00:12:37 devbox1 systemd[1]: Finished Load Kernel Module pstore_blk.
Mar 14 00:12:37 devbox1 kernel: [    0.265129] pci 0000:00:06.0: reg 0x10: [mem 0xf0804000-0xf0804fff]
Mar 14 00:12:37 devbox1 kernel: [    0.272597] pci 0000:00:07.0: [8086:7113] type 00 class 0x068000
Mar 14 00:12:37 devbox1 kernel: [    0.275406] pci 0000:00:07.0: quirk: [io  0x4000-0x403f] claimed by PIIX4 ACPI
Mar 14 00:12:37 devbox1 kernel: [    0.275681] pci 0000:00:07.0: quirk: [io  0x4100-0x410f] claimed by PIIX4 SMB
Mar 14 00:12:37 devbox1 kernel: [    0.277628] pci 0000:00:0d.0: [8086:2829] type 00 class 0x010601
Mar 14 00:12:37 devbox1 kernel: [    0.279032] pci 0000:00:0d.0: reg 0x10: [io  0xd240-0xd247]
Mar 14 00:12:37 devbox1 kernel: [    0.279085] pci 0000:00:0d.0: reg 0x14: [io  0xd248-0xd24b]
Mar 14 00:12:37 devbox1 systemd[1]: Condition check resulted in Platform Persistent Storage Archival being skipped.
Mar 14 00:12:37 devbox1 kernel: [    0.279766] pci 0000:00:0d.0: reg 0x18: [io  0xd250-0xd257]
Mar 14 00:12:37 devbox1 kernel: [    0.280512] pci 0000:00:0d.0: reg 0x1c: [io  0xd258-0xd25b]
Mar 14 00:12:37 devbox1 systemd-modules-load[405]: Inserted module 'msr'
Mar 14 00:12:37 devbox1 kernel: [    0.283043] pci 0000:00:0d.0: reg 0x20: [io  0xd260-0xd26f]
Mar 14 00:12:37 devbox1 kernel: [    0.283691] pci 0000:00:0d.0: reg 0x24: [mem 0xf0806000-0xf0807fff]
Mar 14 00:12:37 devbox1 kernel: [    0.290696] ACPI: PCI: Interrupt link LNKA configured for IRQ 11
Mar 14 00:12:37 devbox1 kernel: [    0.291143] ACPI: PCI: Interrupt link LNKB configured for IRQ 10
Mar 14 00:12:37 devbox1 kernel: [    0.291476] ACPI: PCI: Interrupt link LNKC configured for IRQ 9
Mar 14 00:12:37 devbox1 kernel: [    0.291792] ACPI: PCI: Interrupt link LNKD configured for IRQ 11
Mar 14 00:12:37 devbox1 kernel: [    0.292314] iommu: Default domain type: Translated 
Mar 14 00:12:37 devbox1 kernel: [    0.292314] iommu: DMA domain TLB invalidation policy: lazy mode 
Mar 14 00:12:37 devbox1 kernel: [    0.292314] SCSI subsystem initialized
Mar 14 00:12:37 devbox1 systemd[1]: Finished Set the console keyboard layout.
Mar 14 00:12:37 devbox1 kernel: [    0.292314] libata version 3.00 loaded.
Mar 14 00:12:37 devbox1 kernel: [    0.292314] pci 0000:00:02.0: vgaarb: setting as boot VGA device
Mar 14 00:12:37 devbox1 kernel: [    0.292314] pci 0000:00:02.0: vgaarb: VGA device added: decodes=io+mem,owns=io+mem,locks=none
Mar 14 00:12:37 devbox1 systemd[1]: Finished Load Kernel Modules.
Mar 14 00:12:37 devbox1 kernel: [    0.292314] pci 0000:00:02.0: vgaarb: bridge control possible
Mar 14 00:12:37 devbox1 multipathd[436]: --------start up--------
Mar 14 00:12:37 devbox1 kernel: [    0.295041] vgaarb: loaded
Mar 14 00:12:37 devbox1 kernel: [    0.295231] ACPI: bus type USB registered
Mar 14 00:12:37 devbox1 kernel: [    0.295435] usbcore: registered new interface driver usbfs
Mar 14 00:12:37 devbox1 kernel: [    0.295631] usbcore: registered new interface driver hub
Mar 14 00:12:37 devbox1 kernel: [    0.295822] usbcore: registered new device driver usb
Mar 14 00:12:37 devbox1 kernel: [    0.296021] pps_core: LinuxPPS API ver. 1 registered
Mar 14 00:12:37 devbox1 multipathd[436]: read /etc/multipath.conf
Mar 14 00:12:37 devbox1 kernel: [    0.296201] pps_core: Software ver. 5.3.6 - Copyright 2005-2007 Rodolfo Giometti <giometti@linux.it>
Mar 14 00:12:37 devbox1 kernel: [    0.296541] PTP clock support registered
Mar 14 00:12:37 devbox1 multipathd[436]: path checkers start up
Mar 14 00:12:37 devbox1 kernel: [    0.296732] EDAC MC: Ver: 3.0.0
Mar 14 00:12:37 devbox1 kernel: [    0.296732] NetLabel: Initializing
Mar 14 00:12:37 devbox1 kernel: [    0.296732] NetLabel:  domain hash size = 128
Mar 14 00:12:37 devbox1 kernel: [    0.296732] NetLabel:  protocols = UNLABELED CIPSOv4 CALIPSO
Mar 14 00:12:37 devbox1 systemd[1]: Starting Apply Kernel Variables...
Mar 14 00:12:37 devbox1 kernel: [    0.296732] NetLabel:  unlabeled traffic allowed by default
Mar 14 00:12:37 devbox1 kernel: [    0.296732] PCI: Using ACPI for IRQ routing
Mar 14 00:12:37 devbox1 kernel: [    0.296732] PCI: pci_cache_line_size set to 64 bytes
Mar 14 00:12:37 devbox1 kernel: [    0.296732] e820: reserve RAM buffer [mem 0x0009fc00-0x0009ffff]
Mar 14 00:12:37 devbox1 kernel: [    0.296732] e820: reserve RAM buffer [mem 0x3fff0000-0x3fffffff]
Mar 14 00:12:37 devbox1 kernel: [    0.306920] clocksource: Switched to clocksource kvm-clock
Mar 14 00:12:37 devbox1 systemd[1]: Activated swap /swap.img.
Mar 14 00:12:37 devbox1 kernel: [    0.320473] VFS: Disk quotas dquot_6.6.0
Mar 14 00:12:37 devbox1 kernel: [    0.320653] VFS: Dquot-cache hash table entries: 512 (order 0, 4096 bytes)
Mar 14 00:12:37 devbox1 kernel: [    0.320963] AppArmor: AppArmor Filesystem Enabled
Mar 14 00:12:37 devbox1 kernel: [    0.321152] pnp: PnP ACPI init
Mar 14 00:12:37 devbox1 kernel: [    0.322065] pnp: PnP ACPI: found 2 devices
Mar 14 00:12:37 devbox1 kernel: [    0.330657] clocksource: acpi_pm: mask: 0xffffff max_cycles: 0xffffff, max_idle_ns: 2085701024 ns
Mar 14 00:12:37 devbox1 systemd[1]: Reached target Swaps.
Mar 14 00:12:37 devbox1 kernel: [    0.331125] NET: Registered PF_INET protocol family
Mar 14 00:12:37 devbox1 systemd[1]: Finished Load/Save Random Seed.
Mar 14 00:12:37 devbox1 kernel: [    0.331369] IP idents hash table entries: 16384 (order: 5, 131072 bytes, linear)
Mar 14 00:12:37 devbox1 kernel: [    0.332023] tcp_listen_portaddr_hash hash table entries: 512 (order: 1, 8192 bytes, linear)
Mar 14 00:12:37 devbox1 kernel: [    0.332371] Table-perturb hash table entries: 65536 (order: 6, 262144 bytes, linear)
Mar 14 00:12:37 devbox1 kernel: [    0.332680] TCP established hash table entries: 8192 (order: 4, 65536 bytes, linear)
Mar 14 00:12:37 devbox1 kernel: [    0.332996] TCP bind hash table entries: 8192 (order: 5, 131072 bytes, linear)
Mar 14 00:12:37 devbox1 kernel: [    0.333293] TCP: Hash tables configured (established 8192 bind 8192)
Mar 14 00:12:37 devbox1 systemd[1]: Condition check resulted in First Boot Complete being skipped.
Mar 14 00:12:37 devbox1 kernel: [    0.333565] MPTCP token hash table entries: 1024 (order: 2, 24576 bytes, linear)
Mar 14 00:12:37 devbox1 kernel: [    0.333962] UDP hash table entries: 512 (order: 2, 16384 bytes, linear)
Mar 14 00:12:37 devbox1 kernel: [    0.334228] UDP-Lite hash table entries: 512 (order: 2, 16384 bytes, linear)
Mar 14 00:12:37 devbox1 systemd[1]: Finished Create System Users.
Mar 14 00:12:37 devbox1 kernel: [    0.334506] NET: Registered PF_UNIX/PF_LOCAL protocol family
Mar 14 00:12:37 devbox1 kernel: [    0.334722] NET: Registered PF_XDP protocol family
Mar 14 00:12:37 devbox1 kernel: [    0.334925] pci_bus 0000:00: resource 4 [io  0x0000-0x0cf7 window]
Mar 14 00:12:37 devbox1 systemd[1]: Starting Create Static Device Nodes in /dev...
Mar 14 00:12:37 devbox1 kernel: [    0.335071] pci_bus 0000:00: resource 5 [io  0x0d00-0xffff window]
Mar 14 00:12:37 devbox1 kernel: [    0.335071] pci_bus 0000:00: resource 6 [mem 0x000a0000-0x000bffff window]
Mar 14 00:12:37 devbox1 kernel: [    0.335071] pci_bus 0000:00: resource 7 [mem 0x40000000-0xfdffffff window]
Mar 14 00:12:37 devbox1 kernel: [    0.335071] pci 0000:00:00.0: Limiting direct PCI/PCI transfers
Mar 14 00:12:37 devbox1 kernel: [    0.336160] pci 0000:00:01.0: Activating ISA DMA hang workarounds
Mar 14 00:12:37 devbox1 kernel: [    0.337573] PCI: CLS 0 bytes, default 64
Mar 14 00:12:37 devbox1 kernel: [    0.337842] Trying to unpack rootfs image as initramfs...
Mar 14 00:12:37 devbox1 systemd[1]: Finished Apply Kernel Variables.
Mar 14 00:12:37 devbox1 kernel: [    0.356570] clocksource: tsc: mask: 0xffffffffffffffff max_cycles: 0x2f9faabcb82, max_idle_ns: 440795277692 ns
Mar 14 00:12:37 devbox1 kernel: [    0.367037] clocksource: Switched to clocksource tsc
Mar 14 00:12:37 devbox1 kernel: [    0.367344] platform rtc_cmos: registered platform RTC device (no PNP device found)
Mar 14 00:12:37 devbox1 systemd[1]: Finished Create Static Device Nodes in /dev.
Mar 14 00:12:37 devbox1 kernel: [    0.368303] Initialise system trusted keyrings
Mar 14 00:12:37 devbox1 kernel: [    0.368483] Key type blacklist registered
Mar 14 00:12:37 devbox1 kernel: [    0.368716] workingset: timestamp_bits=36 max_order=18 bucket_order=0
Mar 14 00:12:37 devbox1 systemd[1]: Starting Rule-based Manager for Device Events and Files...
Mar 14 00:12:37 devbox1 kernel: [    0.369927] zbud: loaded
Mar 14 00:12:37 devbox1 kernel: [    0.370274] squashfs: version 4.0 (2009/01/31) Phillip Lougher
Mar 14 00:12:37 devbox1 kernel: [    0.370783] fuse: init (API version 7.34)
Mar 14 00:12:37 devbox1 systemd[1]: Started Device-Mapper Multipath Device Controller.
Mar 14 00:12:37 devbox1 kernel: [    0.371318] integrity: Platform Keyring initialized
Mar 14 00:12:37 devbox1 kernel: [    0.379843] Key type asymmetric registered
Mar 14 00:12:37 devbox1 kernel: [    0.380033] Asymmetric key parser 'x509' registered
Mar 14 00:12:37 devbox1 systemd[1]: Reached target Preparation for Local File Systems.
Mar 14 00:12:37 devbox1 kernel: [    0.380235] Block layer SCSI generic (bsg) driver version 0.4 loaded (major 243)
Mar 14 00:12:37 devbox1 kernel: [    0.380648] io scheduler mq-deadline registered
Mar 14 00:12:37 devbox1 kernel: [    0.383292] shpchp: Standard Hot Plug PCI Controller Driver version: 0.4
Mar 14 00:12:37 devbox1 kernel: [    0.383722] ACPI: AC: AC Adapter [AC] (on-line)
Mar 14 00:12:37 devbox1 kernel: [    0.383954] input: Power Button as /devices/LNXSYSTM:00/LNXPWRBN:00/input/input0
Mar 14 00:12:37 devbox1 kernel: [    0.384389] ACPI: button: Power Button [PWRF]
Mar 14 00:12:37 devbox1 systemd[1]: Mounting Mount unit for core20, revision 1822...
Mar 14 00:12:37 devbox1 kernel: [    0.384639] input: Sleep Button as /devices/LNXSYSTM:00/LNXSLPBN:00/input/input1
Mar 14 00:12:37 devbox1 kernel: [    0.384962] ACPI: button: Sleep Button [SLPF]
Mar 14 00:12:37 devbox1 kernel: [    0.385731] Serial: 8250/16550 driver, 32 ports, IRQ sharing enabled
Mar 14 00:12:37 devbox1 systemd[1]: Mounting Mount unit for core20, revision 1828...
Mar 14 00:12:37 devbox1 kernel: [    0.388490] Linux agpgart interface v0.103
Mar 14 00:12:37 devbox1 kernel: [    0.392411] loop: module loaded
Mar 14 00:12:37 devbox1 kernel: [    0.392786] ata_piix 0000:00:01.1: version 2.13
Mar 14 00:12:37 devbox1 kernel: [    0.393687] scsi host0: ata_piix
Mar 14 00:12:37 devbox1 systemd[1]: Mounting Mount unit for lxd, revision 22923...
Mar 14 00:12:37 devbox1 kernel: [    0.394026] scsi host1: ata_piix
Mar 14 00:12:37 devbox1 kernel: [    0.394194] ata1: PATA max UDMA/33 cmd 0x1f0 ctl 0x3f6 bmdma 0xd000 irq 14
Mar 14 00:12:37 devbox1 kernel: [    0.394416] ata2: PATA max UDMA/33 cmd 0x170 ctl 0x376 bmdma 0xd008 irq 15
Mar 14 00:12:37 devbox1 kernel: [    0.394784] tun: Universal TUN/TAP device driver, 1.6
Mar 14 00:12:37 devbox1 kernel: [    0.395089] PPP generic driver version 2.4.2
Mar 14 00:12:37 devbox1 kernel: [    0.395845] VFIO - User Level meta-driver version: 0.3
Mar 14 00:12:37 devbox1 kernel: [    0.396121] ehci_hcd: USB 2.0 'Enhanced' Host Controller (EHCI) Driver
Mar 14 00:12:37 devbox1 systemd[1]: Mounting Mount unit for lxd, revision 24322...
Mar 14 00:12:37 devbox1 kernel: [    0.396343] ehci-pci: EHCI PCI platform driver
Mar 14 00:12:37 devbox1 systemd[1]: Mounting Mount unit for snapd, revision 17950...
Mar 14 00:12:37 devbox1 kernel: [    0.396519] ehci-platform: EHCI generic platform driver
Mar 14 00:12:37 devbox1 kernel: [    0.396707] ohci_hcd: USB 1.1 'Open' Host Controller (OHCI) Driver
Mar 14 00:12:37 devbox1 kernel: [    0.396912] ohci-pci: OHCI PCI platform driver
Mar 14 00:12:37 devbox1 kernel: [    0.397629] ohci-pci 0000:00:06.0: OHCI PCI host controller
Mar 14 00:12:37 devbox1 kernel: [    0.397851] ohci-pci 0000:00:06.0: new USB bus registered, assigned bus number 1
Mar 14 00:12:37 devbox1 systemd[1]: Mounting Mount unit for snapd, revision 18357...
Mar 14 00:12:37 devbox1 systemd[1]: Mounted Mount unit for core20, revision 1822.
Mar 14 00:12:37 devbox1 kernel: [    0.398163] ohci-pci 0000:00:06.0: irq 22, io mem 0xf0804000
Mar 14 00:12:37 devbox1 systemd[1]: Mounted Mount unit for core20, revision 1828.
Mar 14 00:12:37 devbox1 kernel: [    0.456002] usb usb1: New USB device found, idVendor=1d6b, idProduct=0001, bcdDevice= 5.15
Mar 14 00:12:37 devbox1 kernel: [    0.456815] usb usb1: New USB device strings: Mfr=3, Product=2, SerialNumber=1
Mar 14 00:12:37 devbox1 kernel: [    0.457098] usb usb1: Product: OHCI PCI host controller
Mar 14 00:12:37 devbox1 kernel: [    0.457279] usb usb1: Manufacturer: Linux 5.15.0-67-generic ohci_hcd
Mar 14 00:12:37 devbox1 kernel: [    0.457483] usb usb1: SerialNumber: 0000:00:06.0
Mar 14 00:12:37 devbox1 kernel: [    0.457855] hub 1-0:1.0: USB hub found
Mar 14 00:12:37 devbox1 kernel: [    0.458041] hub 1-0:1.0: 12 ports detected
Mar 14 00:12:37 devbox1 kernel: [    0.458480] ohci-platform: OHCI generic platform driver
Mar 14 00:12:37 devbox1 kernel: [    0.458689] uhci_hcd: USB Universal Host Controller Interface driver
Mar 14 00:12:37 devbox1 kernel: [    0.458945] i8042: PNP: PS/2 Controller [PNP0303:PS2K,PNP0f03:PS2M] at 0x60,0x64 irq 1,12
Mar 14 00:12:37 devbox1 kernel: [    0.460308] serio: i8042 KBD port at 0x60,0x64 irq 1
Mar 14 00:12:37 devbox1 kernel: [    0.460491] serio: i8042 AUX port at 0x60,0x64 irq 12
Mar 14 00:12:37 devbox1 systemd[1]: Mounted Mount unit for lxd, revision 22923.
Mar 14 00:12:37 devbox1 systemd[1]: Mounted Mount unit for lxd, revision 24322.
Mar 14 00:12:37 devbox1 systemd[1]: Mounted Mount unit for snapd, revision 17950.
Mar 14 00:12:37 devbox1 kernel: [    0.460941] mousedev: PS/2 mouse device common for all mice
Mar 14 00:12:37 devbox1 kernel: [    0.461642] input: AT Translated Set 2 keyboard as /devices/platform/i8042/serio0/input/input2
Mar 14 00:12:37 devbox1 kernel: [    0.462297] rtc_cmos rtc_cmos: registered as rtc0
Mar 14 00:12:37 devbox1 systemd[1]: Mounted Mount unit for snapd, revision 18357.
Mar 14 00:12:37 devbox1 systemd[1]: Reached target Mounted snaps.
Mar 14 00:12:37 devbox1 systemd[1]: Finished Flush Journal to Persistent Storage.
Mar 14 00:12:37 devbox1 systemd[1]: Started Rule-based Manager for Device Events and Files.
Mar 14 00:12:37 devbox1 systemd[1]: Condition check resulted in Show Plymouth Boot Screen being skipped.
Mar 14 00:12:37 devbox1 systemd[1]: Started Dispatch Password Requests to Console Directory Watch.
Mar 14 00:12:37 devbox1 systemd[1]: Condition check resulted in Forward Password Requests to Plymouth Directory Watch being skipped.
Mar 14 00:12:37 devbox1 systemd[1]: Reached target Local Encrypted Volumes.
Mar 14 00:12:37 devbox1 systemd-udevd[456]: Using default interface naming scheme 'v249'.
Mar 14 00:12:37 devbox1 systemd-udevd[457]: sda: Process '/usr/bin/unshare -m /usr/bin/snap auto-import --mount=/dev/sda' failed with exit code 1.
Mar 14 00:12:37 devbox1 systemd-udevd[463]: sr0: Process '/usr/bin/unshare -m /usr/bin/snap auto-import --mount=/dev/sr0' failed with exit code 1.
Mar 14 00:12:37 devbox1 systemd[1]: Listening on Load/Save RF Kill Switch Status /dev/rfkill Watch.
Mar 14 00:12:37 devbox1 systemd-udevd[461]: sda3: Process '/usr/bin/unshare -m /usr/bin/snap auto-import --mount=/dev/sda3' failed with exit code 1.
Mar 14 00:12:37 devbox1 systemd[1]: Created slice Slice /system/lvm2-pvscan.
Mar 14 00:12:37 devbox1 systemd[1]: Starting LVM event activation on device 8:3...
Mar 14 00:12:37 devbox1 systemd[1]: Reached target Sound Card.
Mar 14 00:12:37 devbox1 lvm[568]:   pvscan[568] PV /dev/sda3 online, VG ubuntu-vg is complete.
Mar 14 00:12:37 devbox1 kernel: [    0.462521] rtc_cmos rtc_cmos: setting system clock to 2023-03-14T00:09:11 UTC (1678752551)
Mar 14 00:12:37 devbox1 lvm[568]:   pvscan[568] VG ubuntu-vg skip autoactivation.
Mar 14 00:12:37 devbox1 kernel: [    0.462828] rtc_cmos rtc_cmos: alarms up to one day, 114 bytes nvram
Mar 14 00:12:37 devbox1 kernel: [    0.463614] i2c_dev: i2c /dev entries driver
Mar 14 00:12:37 devbox1 systemd[1]: Finished LVM event activation on device 8:3.
Mar 14 00:12:37 devbox1 kernel: [    0.463866] device-mapper: core: CONFIG_IMA_DISABLE_HTABLE is disabled. Duplicate IMA measurements will not be recorded in the IMA log.
Mar 14 00:12:37 devbox1 kernel: [    0.464256] device-mapper: uevent: version 1.0.3
Mar 14 00:12:37 devbox1 kernel: [    0.464530] device-mapper: ioctl: 4.45.0-ioctl (2021-03-22) initialised: dm-devel@redhat.com
Mar 14 00:12:37 devbox1 kernel: [    0.464848] platform eisa.0: Probing EISA bus 0
Mar 14 00:12:37 devbox1 kernel: [    0.465015] platform eisa.0: EISA: Cannot allocate resource for mainboard
Mar 14 00:12:37 devbox1 kernel: [    0.465248] platform eisa.0: Cannot allocate resource for EISA slot 1
Mar 14 00:12:37 devbox1 systemd-udevd[457]: sda1: Process '/usr/bin/unshare -m /usr/bin/snap auto-import --mount=/dev/sda1' failed with exit code 1.
Mar 14 00:12:37 devbox1 kernel: [    0.465450] platform eisa.0: Cannot allocate resource for EISA slot 2
Mar 14 00:12:37 devbox1 kernel: [    0.465653] platform eisa.0: Cannot allocate resource for EISA slot 3
Mar 14 00:12:37 devbox1 kernel: [    0.465856] platform eisa.0: Cannot allocate resource for EISA slot 4
Mar 14 00:12:37 devbox1 systemd-udevd[463]: sda2: Process '/usr/bin/unshare -m /usr/bin/snap auto-import --mount=/dev/sda2' failed with exit code 1.
Mar 14 00:12:37 devbox1 kernel: [    0.466061] platform eisa.0: Cannot allocate resource for EISA slot 5
Mar 14 00:12:37 devbox1 kernel: [    0.466266] platform eisa.0: Cannot allocate resource for EISA slot 6
Mar 14 00:12:37 devbox1 kernel: [    0.466471] platform eisa.0: Cannot allocate resource for EISA slot 7
Mar 14 00:12:37 devbox1 kernel: [    0.467220] platform eisa.0: Cannot allocate resource for EISA slot 8
Mar 14 00:12:37 devbox1 kernel: [    0.467471] platform eisa.0: EISA: Detected 0 cards
Mar 14 00:12:37 devbox1 kernel: [    0.467646] intel_pstate: CPU model not supported
Mar 14 00:12:37 devbox1 systemd[1]: Found device VBOX_HARDDISK 2.
Mar 14 00:12:37 devbox1 kernel: [    0.468263] ledtrig-cpu: registered to indicate activity on CPUs
Mar 14 00:12:37 devbox1 kernel: [    0.468692] drop_monitor: Initializing network drop monitor service
Mar 14 00:12:37 devbox1 kernel: [    0.469044] NET: Registered PF_INET6 protocol family
Mar 14 00:12:37 devbox1 kernel: [    0.567022] ata2.00: ATAPI: VBOX CD-ROM, 1.0, max UDMA/133
Mar 14 00:12:37 devbox1 systemd[1]: Starting File System Check on /dev/disk/by-uuid/9b6b074e-0661-478b-a14f-5b5d34f42fb4...
Mar 14 00:12:37 devbox1 kernel: [    0.568577] scsi 1:0:0:0: CD-ROM            VBOX     CD-ROM           1.0  PQ: 0 ANSI: 5
Mar 14 00:12:37 devbox1 kernel: [    0.599659] sr 1:0:0:0: [sr0] scsi3-mmc drive: 32x/32x xa/form2 tray
Mar 14 00:12:37 devbox1 kernel: [    0.599880] cdrom: Uniform CD-ROM driver Revision: 3.20
Mar 14 00:12:37 devbox1 kernel: [    0.631744] sr 1:0:0:0: Attached scsi CD-ROM sr0
Mar 14 00:12:37 devbox1 kernel: [    0.631885] sr 1:0:0:0: Attached scsi generic sg0 type 5
Mar 14 00:12:37 devbox1 kernel: [    0.912933] usb 1-1: new full-speed USB device number 2 using ohci-pci
Mar 14 00:12:37 devbox1 systemd[1]: Started File System Check Daemon to report status.
Mar 14 00:12:37 devbox1 kernel: [    0.977554] Freeing initrd memory: 107960K
Mar 14 00:12:37 devbox1 kernel: [    0.984211] Segment Routing with IPv6
Mar 14 00:12:37 devbox1 kernel: [    0.984389] In-situ OAM (IOAM) with IPv6
Mar 14 00:12:37 devbox1 kernel: [    0.984565] NET: Registered PF_PACKET protocol family
Mar 14 00:12:37 devbox1 systemd-udevd[461]: dm-0: Process '/usr/bin/unshare -m /usr/bin/snap auto-import --mount=/dev/dm-0' failed with exit code 1.
Mar 14 00:12:37 devbox1 kernel: [    0.984819] Key type dns_resolver registered
Mar 14 00:12:37 devbox1 kernel: [    0.985437] IPI shorthand broadcast: enabled
Mar 14 00:12:37 devbox1 kernel: [    0.985644] sched_clock: Marking stable (953552277, 31851465)->(990011540, -4607798)
Mar 14 00:12:37 devbox1 kernel: [    0.986181] registered taskstats version 1
Mar 14 00:12:37 devbox1 systemd-fsck[597]: /dev/sda2: clean, 320/114688 files, 81064/458752 blocks
Mar 14 00:12:37 devbox1 kernel: [    0.986496] Loading compiled-in X.509 certificates
Mar 14 00:12:37 devbox1 kernel: [    0.987403] Loaded X.509 cert 'Build time autogenerated kernel key: 4919d01b97f8f8ece5362917619ef42f1d265e85'
Mar 14 00:12:37 devbox1 kernel: [    0.988235] Loaded X.509 cert 'Canonical Ltd. Live Patch Signing: 14df34d1a87cf37625abec039ef2bf521249b969'
Mar 14 00:12:37 devbox1 kernel: [    0.988995] Loaded X.509 cert 'Canonical Ltd. Kernel Module Signing: 88f752e560a1e0737e31163a466ad7b70a850c19'
Mar 14 00:12:37 devbox1 kernel: [    0.989351] blacklist: Loading compiled-in revocation X.509 certificates
Mar 14 00:12:37 devbox1 systemd[1]: Finished File System Check on /dev/disk/by-uuid/9b6b074e-0661-478b-a14f-5b5d34f42fb4.
Mar 14 00:12:37 devbox1 kernel: [    0.989627] Loaded X.509 cert 'Canonical Ltd. Secure Boot Signing: 61482aa2830d0ab2ad5af10b7250da9033ddcef0'
Mar 14 00:12:37 devbox1 kernel: [    0.989965] Loaded X.509 cert 'Canonical Ltd. Secure Boot Signing (2017): 242ade75ac4a15e50d50c84b0d45ff3eae707a03'
Mar 14 00:12:37 devbox1 kernel: [    0.990346] Loaded X.509 cert 'Canonical Ltd. Secure Boot Signing (ESM 2018): 365188c1d374d6b07c3c8f240f8ef722433d6a8b'
Mar 14 00:12:37 devbox1 kernel: [    0.990747] Loaded X.509 cert 'Canonical Ltd. Secure Boot Signing (2019): c0746fd6c5da3ae827864651ad66ae47fe24b3e8'
Mar 14 00:12:37 devbox1 kernel: [    0.991129] Loaded X.509 cert 'Canonical Ltd. Secure Boot Signing (2021 v1): a8d54bbb3825cfb94fa13c9f8a594a195c107b8d'
Mar 14 00:12:37 devbox1 systemd[1]: Mounting /boot...
Mar 14 00:12:37 devbox1 kernel: [    0.991510] Loaded X.509 cert 'Canonical Ltd. Secure Boot Signing (2021 v2): 4cf046892d6fd3c9a5b03f98d845f90851dc6a8c'
Mar 14 00:12:37 devbox1 kernel: [    0.991853] Loaded X.509 cert 'Canonical Ltd. Secure Boot Signing (2021 v3): 100437bb6de6e469b581e61cd66bce3ef4ed53af'
Mar 14 00:12:37 devbox1 kernel: [    0.992198] Loaded X.509 cert 'Canonical Ltd. Secure Boot Signing (Ubuntu Core 2019): c1d57b8f6b743f23ee41f4f7ee292f06eecadfb9'
Mar 14 00:12:37 devbox1 kernel: [    0.992644] zswap: loaded using pool lzo/zbud
Mar 14 00:12:37 devbox1 kernel: [    0.993406] Key type .fscrypt registered
Mar 14 00:12:37 devbox1 systemd[1]: Mounted /boot.
Mar 14 00:12:37 devbox1 kernel: [    0.993759] Key type fscrypt-provisioning registered
Mar 14 00:12:37 devbox1 kernel: [    1.008388] Key type encrypted registered
Mar 14 00:12:37 devbox1 systemd[1]: Reached target Local File Systems.
Mar 14 00:12:37 devbox1 kernel: [    1.008565] AppArmor: AppArmor sha1 policy hashing enabled
Mar 14 00:12:37 devbox1 kernel: [    1.008757] ima: No TPM chip found, activating TPM-bypass!
Mar 14 00:12:37 devbox1 kernel: [    1.008950] Loading compiled-in module X.509 certificates
Mar 14 00:12:37 devbox1 kernel: [    1.009739] Loaded X.509 cert 'Build time autogenerated kernel key: 4919d01b97f8f8ece5362917619ef42f1d265e85'
Mar 14 00:12:37 devbox1 kernel: [    1.010084] ima: Allocated hash algorithm: sha1
Mar 14 00:12:37 devbox1 systemd[1]: Starting Load AppArmor profiles...
Mar 14 00:12:37 devbox1 kernel: [    1.010257] ima: No architecture policies found
Mar 14 00:12:37 devbox1 kernel: [    1.010476] evm: Initialising EVM extended attributes:
Mar 14 00:12:37 devbox1 kernel: [    1.010678] evm: security.selinux
Mar 14 00:12:37 devbox1 kernel: [    1.010837] evm: security.SMACK64
Mar 14 00:12:37 devbox1 kernel: [    1.010995] evm: security.SMACK64EXEC
Mar 14 00:12:37 devbox1 systemd[1]: Starting Set console font and keymap...
Mar 14 00:12:37 devbox1 kernel: [    1.011178] evm: security.SMACK64TRANSMUTE
Mar 14 00:12:37 devbox1 kernel: [    1.011354] evm: security.SMACK64MMAP
Mar 14 00:12:37 devbox1 systemd[1]: Starting Create final runtime dir for shutdown pivot root...
Mar 14 00:12:37 devbox1 kernel: [    1.011523] evm: security.apparmor
Mar 14 00:12:37 devbox1 kernel: [    1.011707] evm: security.ima
Mar 14 00:12:37 devbox1 kernel: [    1.011857] evm: security.capability
Mar 14 00:12:37 devbox1 kernel: [    1.012021] evm: HMAC attrs: 0x1
Mar 14 00:12:37 devbox1 kernel: [    1.013298] PM:   Magic number: 15:644:152
Mar 14 00:12:37 devbox1 kernel: [    1.013937] RAS: Correctable Errors collector initialized.
Mar 14 00:12:37 devbox1 systemd[1]: Starting Tell Plymouth To Write Out Runtime Data...
Mar 14 00:12:37 devbox1 kernel: [    1.015749] Freeing unused decrypted memory: 2036K
Mar 14 00:12:37 devbox1 kernel: [    1.016398] Freeing unused kernel image (initmem) memory: 3240K
Mar 14 00:12:37 devbox1 kernel: [    1.031229] Write protecting the kernel read-only data: 30720k
Mar 14 00:12:37 devbox1 kernel: [    1.037877] Freeing unused kernel image (text/rodata gap) memory: 2036K
Mar 14 00:12:37 devbox1 kernel: [    1.038515] Freeing unused kernel image (rodata/data gap) memory: 1468K
Mar 14 00:12:37 devbox1 kernel: [    1.078239] x86/mm: Checked W+X mappings: passed, no W+X pages found.
Mar 14 00:12:37 devbox1 systemd[1]: Condition check resulted in Set Up Additional Binary Formats being skipped.
Mar 14 00:12:37 devbox1 kernel: [    1.078464] x86/mm: Checking user space page tables
Mar 14 00:12:37 devbox1 kernel: [    1.115738] x86/mm: Checked W+X mappings: passed, no W+X pages found.
Mar 14 00:12:37 devbox1 kernel: [    1.115968] Run /init as init process
Mar 14 00:12:37 devbox1 kernel: [    1.116117]   with arguments:
Mar 14 00:12:37 devbox1 kernel: [    1.116118]     /init
Mar 14 00:12:37 devbox1 systemd[1]: Condition check resulted in Store a System Token in an EFI Variable being skipped.
Mar 14 00:12:37 devbox1 kernel: [    1.116119]   with environment:
Mar 14 00:12:37 devbox1 kernel: [    1.116120]     HOME=/
Mar 14 00:12:37 devbox1 systemd[1]: Condition check resulted in Commit a transient machine-id on disk being skipped.
Mar 14 00:12:37 devbox1 kernel: [    1.116120]     TERM=linux
Mar 14 00:12:37 devbox1 kernel: [    1.116121]     BOOT_IMAGE=/vmlinuz-5.15.0-67-generic
Mar 14 00:12:37 devbox1 kernel: [    1.221713] ACPI: video: Video Device [GFX0] (multi-head: yes  rom: no  post: no)
Mar 14 00:12:37 devbox1 kernel: [    1.222074] input: Video Bus as /devices/LNXSYSTM:00/LNXSYBUS:00/PNP0A03:00/LNXVIDEO:00/input/input4
Mar 14 00:12:37 devbox1 kernel: [    1.222650] piix4_smbus 0000:00:07.0: SMBus Host Controller at 0x4100, revision 0
Mar 14 00:12:37 devbox1 kernel: [    1.222684] e1000: Intel(R) PRO/1000 Network Driver
Mar 14 00:12:37 devbox1 systemd[1]: Starting Create Volatile Files and Directories...
Mar 14 00:12:37 devbox1 systemd[1]: Starting Uncomplicated firewall...
Mar 14 00:12:37 devbox1 kernel: [    1.223634] e1000: Copyright (c) 1999-2006 Intel Corporation.
Mar 14 00:12:37 devbox1 kernel: [    1.229808] ahci 0000:00:0d.0: version 3.0
Mar 14 00:12:37 devbox1 systemd[1]: Finished Set console font and keymap.
Mar 14 00:12:37 devbox1 kernel: [    1.230470] ahci 0000:00:0d.0: SSS flag set, parallel bus scan disabled
Mar 14 00:12:37 devbox1 kernel: [    1.230812] ahci 0000:00:0d.0: AHCI 0001.0100 32 slots 1 ports 3 Gbps 0x1 impl SATA mode
Mar 14 00:12:37 devbox1 kernel: [    1.231180] ahci 0000:00:0d.0: flags: 64bit ncq stag only ccc 
Mar 14 00:12:37 devbox1 kernel: [    1.235121] scsi host2: ahci
Mar 14 00:12:37 devbox1 systemd[1]: Finished Create final runtime dir for shutdown pivot root.
Mar 14 00:12:37 devbox1 kernel: [    1.235847] ata3: SATA max UDMA/133 abar m8192@0xf0806000 port 0xf0806100 irq 21
Mar 14 00:12:37 devbox1 kernel: [    1.242656] usb 1-1: New USB device found, idVendor=80ee, idProduct=0021, bcdDevice= 1.00
Mar 14 00:12:37 devbox1 kernel: [    1.242994] usb 1-1: New USB device strings: Mfr=1, Product=3, SerialNumber=0
Mar 14 00:12:37 devbox1 kernel: [    1.243514] usb 1-1: Product: USB Tablet
Mar 14 00:12:37 devbox1 kernel: [    1.243723] usb 1-1: Manufacturer: VirtualBox
Mar 14 00:12:37 devbox1 apparmor.systemd[602]: Restarting AppArmor
Mar 14 00:12:37 devbox1 kernel: [    1.258720] cryptd: max_cpu_qlen set to 1000
Mar 14 00:12:37 devbox1 kernel: [    1.336803] hid: raw HID events driver (C) Jiri Kosina
Mar 14 00:12:37 devbox1 kernel: [    1.441084] input: ImExPS/2 Generic Explorer Mouse as /devices/platform/i8042/serio1/input/input5
Mar 14 00:12:37 devbox1 apparmor.systemd[602]: Reloading AppArmor profiles
Mar 14 00:12:37 devbox1 kernel: [    1.551176] ata3: SATA link up 3.0 Gbps (SStatus 123 SControl 300)
Mar 14 00:12:37 devbox1 kernel: [    1.551530] ata3.00: ATA-6: VBOX HARDDISK, 1.0, max UDMA/133
Mar 14 00:12:37 devbox1 kernel: [    1.551756] ata3.00: 20971520 sectors, multi 128: LBA48 NCQ (depth 32)
Mar 14 00:12:37 devbox1 kernel: [    1.552205] ata3.00: configured for UDMA/133
Mar 14 00:12:37 devbox1 kernel: [    1.552525] scsi 2:0:0:0: Direct-Access     ATA      VBOX HARDDISK    1.0  PQ: 0 ANSI: 5
Mar 14 00:12:37 devbox1 systemd[1]: Finished Tell Plymouth To Write Out Runtime Data.
Mar 14 00:12:37 devbox1 kernel: [    1.553018] sd 2:0:0:0: [sda] 20971520 512-byte logical blocks: (10.7 GB/10.0 GiB)
Mar 14 00:12:37 devbox1 kernel: [    1.553306] sd 2:0:0:0: [sda] Write Protect is off
Mar 14 00:12:37 devbox1 kernel: [    1.553484] sd 2:0:0:0: [sda] Mode Sense: 00 3a 00 00
Mar 14 00:12:37 devbox1 kernel: [    1.553498] sd 2:0:0:0: Attached scsi generic sg1 type 0
Mar 14 00:12:37 devbox1 kernel: [    1.553709] sd 2:0:0:0: [sda] Write cache: enabled, read cache: enabled, doesn't support DPO or FUA
Mar 14 00:12:37 devbox1 systemd[1]: Finished Uncomplicated firewall.
Mar 14 00:12:37 devbox1 systemd[1]: Finished Create Volatile Files and Directories.
Mar 14 00:12:37 devbox1 systemd[1]: Starting Network Time Synchronization...
Mar 14 00:12:37 devbox1 systemd[1]: Starting Record System Boot/Shutdown in UTMP...
Mar 14 00:12:37 devbox1 systemd[1]: Finished Record System Boot/Shutdown in UTMP.
Mar 14 00:12:37 devbox1 systemd[1]: Started Network Time Synchronization.
Mar 14 00:12:37 devbox1 systemd[1]: Reached target System Time Set.
Mar 14 00:12:37 devbox1 apparmor.systemd[625]: Skipping profile in /etc/apparmor.d/disable: usr.sbin.rsyslogd
Mar 14 00:12:37 devbox1 systemd[1]: Finished Load AppArmor profiles.
Mar 14 00:12:37 devbox1 systemd[1]: Starting Load AppArmor profiles managed internally by snapd...
Mar 14 00:12:37 devbox1 systemd[1]: Condition check resulted in Authentication service for virtual machines hosted on VMware being skipped.
Mar 14 00:12:37 devbox1 systemd[1]: Condition check resulted in Service for virtual machines hosted on VMware being skipped.
Mar 14 00:12:37 devbox1 systemd[1]: Starting Initial cloud-init job (pre-networking)...
Mar 14 00:12:37 devbox1 systemd[1]: proc-sys-fs-binfmt_misc.automount: Got automount request for /proc/sys/fs/binfmt_misc, triggered by 626 (snapd-apparmor)
Mar 14 00:12:37 devbox1 systemd[1]: Mounting Arbitrary Executable File Formats File System...
Mar 14 00:12:37 devbox1 systemd[1]: Mounted Arbitrary Executable File Formats File System.
Mar 14 00:12:37 devbox1 systemd[1]: Finished Load AppArmor profiles managed internally by snapd.
Mar 14 00:12:37 devbox1 kernel: [    1.598218] e1000 0000:00:03.0 eth0: (PCI:33MHz:32-bit) 08:00:27:43:50:e4
Mar 14 00:12:37 devbox1 cloud-init[661]: Cloud-init v. 22.4.2-0ubuntu0~22.04.1 running 'init-local' at Tue, 14 Mar 2023 00:10:29 +0000. Up 78.48 seconds.
Mar 14 00:12:37 devbox1 kernel: [    1.598463] e1000 0000:00:03.0 eth0: Intel(R) PRO/1000 Network Connection
Mar 14 00:12:37 devbox1 kernel: [    1.809847]  sda: sda1 sda2 sda3
Mar 14 00:12:37 devbox1 systemd[1]: Finished Initial cloud-init job (pre-networking).
Mar 14 00:12:37 devbox1 kernel: [    1.839592] sd 2:0:0:0: [sda] Attached SCSI disk
Mar 14 00:12:37 devbox1 kernel: [    1.847909] e1000 0000:00:03.0 enp0s3: renamed from eth0
Mar 14 00:12:37 devbox1 kernel: [    1.867324] AVX2 version of gcm_enc/dec engaged.
Mar 14 00:12:37 devbox1 kernel: [    1.867684] AES CTR mode by8 optimization enabled
Mar 14 00:12:37 devbox1 kernel: [    1.884705] vmwgfx 0000:00:02.0: vgaarb: deactivate vga console
Mar 14 00:12:37 devbox1 systemd[1]: Reached target Preparation for Network.
Mar 14 00:12:37 devbox1 kernel: [    1.885441] Console: switching to colour dummy device 80x25
Mar 14 00:12:37 devbox1 kernel: [    1.886194] [TTM] Zone  kernel: Available graphics memory: 496042 KiB
Mar 14 00:12:37 devbox1 kernel: [    1.886243] vmwgfx 0000:00:02.0: [drm] FIFO at 0x00000000f0000000 size is 2048 kiB
Mar 14 00:12:37 devbox1 kernel: [    1.886281] vmwgfx 0000:00:02.0: [drm] VRAM at 0x00000000e0000000 size is 131072 kiB
Mar 14 00:12:37 devbox1 kernel: [    1.886290] vmwgfx 0000:00:02.0: [drm] Running on SVGA version 2.
Mar 14 00:12:37 devbox1 kernel: [    1.886295] vmwgfx 0000:00:02.0: [drm] DMA map mode: Caching DMA mappings.
Mar 14 00:12:37 devbox1 systemd[1]: Starting Network Configuration...
Mar 14 00:12:37 devbox1 kernel: [    1.886325] vmwgfx 0000:00:02.0: [drm] Legacy memory limits: VRAM = 131072 kB, FIFO = 2048 kB, surface = 393216 kB
Mar 14 00:12:37 devbox1 kernel: [    1.886329] vmwgfx 0000:00:02.0: [drm] MOB limits: max mob size = 0 kB, max mob pages = 0
Mar 14 00:12:37 devbox1 kernel: [    1.886332] vmwgfx 0000:00:02.0: [drm] Capabilities: cursor, cursor bypass 2, alpha cursor, 3D, extended fifo, pitchlock, irq mask, gmr, traces, gmr2, screen object 2, 
Mar 14 00:12:37 devbox1 systemd-networkd[662]: lo: Link UP
Mar 14 00:12:37 devbox1 kernel: [    1.886336] vmwgfx 0000:00:02.0: [drm] Max GMR ids is 8192
Mar 14 00:12:37 devbox1 kernel: [    1.886338] vmwgfx 0000:00:02.0: [drm] Max number of GMR pages is 1048576
Mar 14 00:12:37 devbox1 kernel: [    1.886340] vmwgfx 0000:00:02.0: [drm] Maximum display memory size is 131072 kiB
Mar 14 00:12:37 devbox1 systemd-networkd[662]: lo: Gained carrier
Mar 14 00:12:37 devbox1 kernel: [    1.887443] vmwgfx 0000:00:02.0: [drm] Screen Object display unit initialized
Mar 14 00:12:37 devbox1 kernel: [    1.887881] vmwgfx 0000:00:02.0: [drm] Fifo max 0x00200000 min 0x00001000 cap 0x00000355
Mar 14 00:12:37 devbox1 kernel: [    1.887894] vmwgfx 0000:00:02.0: [drm] Available shader model: Legacy.
Mar 14 00:12:37 devbox1 kernel: [    1.887900] [drm:vmw_host_printf [vmwgfx]] *ERROR* Failed to send host log message.
Mar 14 00:12:37 devbox1 kernel: [    1.889270] fbcon: svgadrmfb (fb0) is primary device
Mar 14 00:12:37 devbox1 systemd-networkd[662]: Enumeration completed
Mar 14 00:12:37 devbox1 kernel: [    1.889910] Console: switching to colour frame buffer device 100x37
Mar 14 00:12:37 devbox1 systemd[1]: Started Network Configuration.
Mar 14 00:12:37 devbox1 kernel: [    1.892051] [drm] Initialized vmwgfx 2.19.0 20210722 for 0000:00:02.0 on minor 0
Mar 14 00:12:37 devbox1 kernel: [    1.893229] usbcore: registered new interface driver usbhid
Mar 14 00:12:37 devbox1 kernel: [    1.893252] usbhid: USB HID core driver
Mar 14 00:12:37 devbox1 kernel: [    1.900736] input: VirtualBox USB Tablet as /devices/pci0000:00/0000:00:06.0/usb1/1-1/1-1:1.0/0003:80EE:0021.0001/input/input6
Mar 14 00:12:37 devbox1 kernel: [    1.901359] hid-generic 0003:80EE:0021.0001: input,hidraw0: USB HID v1.10 Mouse [VirtualBox USB Tablet] on usb-0000:00:06.0-1/input0
Mar 14 00:12:37 devbox1 systemd[1]: Starting Wait for Network to be Configured...
Mar 14 00:12:37 devbox1 kernel: [    6.299053] raid6: avx2x4   gen() 22659 MB/s
Mar 14 00:12:37 devbox1 kernel: [    6.367055] raid6: avx2x4   xor() 12832 MB/s
Mar 14 00:12:37 devbox1 kernel: [    6.435052] raid6: avx2x2   gen() 32518 MB/s
Mar 14 00:12:37 devbox1 kernel: [    6.503045] raid6: avx2x2   xor() 20240 MB/s
Mar 14 00:12:37 devbox1 kernel: [    6.571057] raid6: avx2x1   gen() 30416 MB/s
Mar 14 00:12:37 devbox1 systemd[1]: Starting Network Name Resolution...
Mar 14 00:12:37 devbox1 kernel: [    6.639070] raid6: avx2x1   xor() 18082 MB/s
Mar 14 00:12:37 devbox1 kernel: [    6.707069] raid6: sse2x4   gen() 18719 MB/s
Mar 14 00:12:37 devbox1 kernel: [    6.775054] raid6: sse2x4   xor() 10772 MB/s
Mar 14 00:12:37 devbox1 systemd-networkd[662]: enp0s3: Link UP
Mar 14 00:12:37 devbox1 kernel: [    6.843054] raid6: sse2x2   gen() 18404 MB/s
Mar 14 00:12:37 devbox1 kernel: [    6.911058] raid6: sse2x2   xor() 11744 MB/s
Mar 14 00:12:37 devbox1 kernel: [    6.979058] raid6: sse2x1   gen() 15687 MB/s
Mar 14 00:12:37 devbox1 kernel: [    7.047056] raid6: sse2x1   xor() 10618 MB/s
Mar 14 00:12:37 devbox1 systemd-networkd[662]: enp0s3: Gained carrier
Mar 14 00:12:37 devbox1 kernel: [    7.047491] raid6: using algorithm avx2x2 gen() 32518 MB/s
Mar 14 00:12:37 devbox1 kernel: [    7.047887] raid6: .... xor() 20240 MB/s, rmw enabled
Mar 14 00:12:37 devbox1 systemd[1]: systemd-fsckd.service: Deactivated successfully.
Mar 14 00:12:37 devbox1 systemd-networkd[662]: enp0s3: Gained IPv6LL
Mar 14 00:12:37 devbox1 systemd-timesyncd[620]: Network configuration changed, trying to establish connection.
Mar 14 00:12:37 devbox1 systemd-resolved[664]: Positive Trust Anchors:
Mar 14 00:12:37 devbox1 systemd-resolved[664]: . IN DS 20326 8 2 e06d44b80b8f1d39a95c0b0d7c65d08458e880409bbc683457104237c7f8ec8d
Mar 14 00:12:37 devbox1 systemd-resolved[664]: Negative trust anchors: home.arpa 10.in-addr.arpa 16.172.in-addr.arpa 17.172.in-addr.arpa 18.172.in-addr.arpa 19.172.in-addr.arpa 20.172.in-addr.arpa 21.172.in-addr.arpa 22.172.in-addr.arpa 23.172.in-addr.arpa 24.172.in-addr.arpa 25.172.in-addr.arpa 26.172.in-addr.arpa 27.172.in-addr.arpa 28.172.in-addr.arpa 29.172.in-addr.arpa 30.172.in-addr.arpa 31.172.in-addr.arpa 168.192.in-addr.arpa d.f.ip6.arpa corp home internal intranet lan local private test
Mar 14 00:12:37 devbox1 systemd-resolved[664]: Using system hostname 'devbox1'.
Mar 14 00:12:37 devbox1 systemd[1]: Started Network Name Resolution.
Mar 14 00:12:37 devbox1 systemd[1]: Reached target Network.
Mar 14 00:12:37 devbox1 systemd[1]: Reached target Host and Network Name Lookups.
Mar 14 00:12:37 devbox1 systemd-networkd-wait-online[663]: Timeout occurred while waiting for network connectivity.
Mar 14 00:12:37 devbox1 systemd[1]: systemd-networkd-wait-online.service: Main process exited, code=exited, status=1/FAILURE
Mar 14 00:12:37 devbox1 systemd[1]: systemd-networkd-wait-online.service: Failed with result 'exit-code'.
Mar 14 00:12:37 devbox1 kernel: [    7.048300] raid6: using avx2x2 recovery algorithm
Mar 14 00:12:37 devbox1 kernel: [    7.054265] xor: automatically using best checksumming function   avx       
Mar 14 00:12:37 devbox1 kernel: [    7.055887] async_tx: api initialized (async)
Mar 14 00:12:37 devbox1 systemd[1]: Failed to start Wait for Network to be Configured.
Mar 14 00:12:37 devbox1 kernel: [    7.261438] Btrfs loaded, crc32c=crc32c-intel, zoned=yes, fsverity=yes
Mar 14 00:12:37 devbox1 kernel: [   10.078142] EXT4-fs (dm-0): mounted filesystem with ordered data mode. Opts: (null). Quota mode: none.
Mar 14 00:12:37 devbox1 kernel: [   18.274543] systemd[1]: Inserted module 'autofs4'
Mar 14 00:12:37 devbox1 systemd[1]: Starting Initial cloud-init job (metadata service crawler)...
Mar 14 00:12:37 devbox1 cloud-init[669]: Cloud-init v. 22.4.2-0ubuntu0~22.04.1 running 'init' at Tue, 14 Mar 2023 00:12:31 +0000. Up 200.81 seconds.
Mar 14 00:12:37 devbox1 cloud-init[669]: ci-info: ++++++++++++++++++++++++++++++++++++Net device info++++++++++++++++++++++++++++++++++++
Mar 14 00:12:37 devbox1 cloud-init[669]: ci-info: +--------+------+-----------------------------+-----------+-------+-------------------+
Mar 14 00:12:37 devbox1 cloud-init[669]: ci-info: | Device |  Up  |           Address           |    Mask   | Scope |     Hw-Address    |
Mar 14 00:12:37 devbox1 cloud-init[669]: ci-info: +--------+------+-----------------------------+-----------+-------+-------------------+
Mar 14 00:12:37 devbox1 cloud-init[669]: ci-info: | enp0s3 | True | fe80::a00:27ff:fe43:50e4/64 |     .     |  link | 08:00:27:43:50:e4 |
Mar 14 00:12:37 devbox1 cloud-init[669]: ci-info: |   lo   | True |          127.0.0.1          | 255.0.0.0 |  host |         .         |
Mar 14 00:12:37 devbox1 cloud-init[669]: ci-info: |   lo   | True |           ::1/128           |     .     |  host |         .         |
Mar 14 00:12:37 devbox1 cloud-init[669]: ci-info: +--------+------+-----------------------------+-----------+-------+-------------------+
Mar 14 00:12:37 devbox1 cloud-init[669]: ci-info: +++++++++++++++++++Route IPv6 info+++++++++++++++++++
Mar 14 00:12:37 devbox1 cloud-init[669]: ci-info: +-------+-------------+---------+-----------+-------+
Mar 14 00:12:37 devbox1 cloud-init[669]: ci-info: | Route | Destination | Gateway | Interface | Flags |
Mar 14 00:12:37 devbox1 cloud-init[669]: ci-info: +-------+-------------+---------+-----------+-------+
Mar 14 00:12:37 devbox1 cloud-init[669]: ci-info: |   1   |  fe80::/64  |    ::   |   enp0s3  |   U   |
Mar 14 00:12:37 devbox1 cloud-init[669]: ci-info: |   3   |    local    |    ::   |   enp0s3  |   U   |
Mar 14 00:12:37 devbox1 cloud-init[669]: ci-info: |   4   |  multicast  |    ::   |   enp0s3  |   U   |
Mar 14 00:12:37 devbox1 cloud-init[669]: ci-info: +-------+-------------+---------+-----------+-------+
Mar 14 00:12:37 devbox1 systemd[1]: Finished Initial cloud-init job (metadata service crawler).
Mar 14 00:12:37 devbox1 systemd[1]: Reached target Cloud-config availability.
Mar 14 00:12:37 devbox1 systemd[1]: Reached target Network is Online.
Mar 14 00:12:37 devbox1 systemd[1]: Reached target System Initialization.
Mar 14 00:12:37 devbox1 systemd[1]: Condition check resulted in Process error reports when automatic reporting is enabled (file watch) being skipped.
Mar 14 00:12:37 devbox1 systemd[1]: Condition check resulted in Process error reports when automatic reporting is enabled (timer based) being skipped.
Mar 14 00:12:37 devbox1 systemd[1]: Started Daily apt download activities.
Mar 14 00:12:37 devbox1 systemd[1]: Started Daily apt upgrade and clean activities.
Mar 14 00:12:37 devbox1 kernel: [   19.270351] systemd[1]: systemd 249.11-0ubuntu3.7 running in system mode (+PAM +AUDIT +SELINUX +APPARMOR +IMA +SMACK +SECCOMP +GCRYPT +GNUTLS +OPENSSL +ACL +BLKID +CURL +ELFUTILS +FIDO2 +IDN2 -IDN +IPTC +KMOD +LIBCRYPTSETUP +LIBFDISK +PCRE2 -PWQUALITY -P11KIT -QRENCODE +BZIP2 +LZ4 +XZ +ZLIB +ZSTD -XKBCOMMON +UTMP +SYSVINIT default-hierarchy=unified)
Mar 14 00:12:37 devbox1 systemd[1]: Started Daily dpkg database backup timer.
Mar 14 00:12:37 devbox1 kernel: [   19.277362] systemd[1]: Detected virtualization oracle.
Mar 14 00:12:37 devbox1 kernel: [   19.279168] systemd[1]: Detected architecture x86-64.
Mar 14 00:12:37 devbox1 kernel: [   19.479703] systemd[1]: Hostname set to <devbox1>.
Mar 14 00:12:37 devbox1 kernel: [   33.668846] systemd[1]: Queued start job for default target Graphical Interface.
Mar 14 00:12:37 devbox1 kernel: [   33.688392] systemd[1]: Created slice Slice /system/modprobe.
Mar 14 00:12:37 devbox1 systemd[1]: Started Periodic ext4 Online Metadata Check for All Filesystems.
Mar 14 00:12:37 devbox1 kernel: [   33.694875] systemd[1]: Created slice Slice /system/systemd-fsck.
Mar 14 00:12:37 devbox1 kernel: [   33.700599] systemd[1]: Created slice User and Session Slice.
Mar 14 00:12:37 devbox1 systemd[1]: Started Discard unused blocks once a week.
Mar 14 00:12:37 devbox1 kernel: [   33.711590] systemd[1]: Started Forward Password Requests to Wall Directory Watch.
Mar 14 00:12:37 devbox1 kernel: [   33.716032] systemd[1]: Set up automount Arbitrary Executable File Formats File System Automount Point.
Mar 14 00:12:37 devbox1 kernel: [   33.721604] systemd[1]: Reached target Slice Units.
Mar 14 00:12:37 devbox1 kernel: [   33.725154] systemd[1]: Reached target Mounting snaps.
Mar 14 00:12:37 devbox1 systemd[1]: Started Refresh fwupd metadata regularly.
Mar 14 00:12:37 devbox1 kernel: [   33.728864] systemd[1]: Reached target Local Verity Protected Volumes.
Mar 14 00:12:37 devbox1 kernel: [   33.732009] systemd[1]: Listening on Device-mapper event daemon FIFOs.
Mar 14 00:12:37 devbox1 kernel: [   33.735255] systemd[1]: Listening on LVM2 poll daemon socket.
Mar 14 00:12:37 devbox1 kernel: [   33.770427] systemd[1]: Listening on multipathd control socket.
Mar 14 00:12:37 devbox1 kernel: [   33.773522] systemd[1]: Listening on Syslog Socket.
Mar 14 00:12:37 devbox1 kernel: [   33.777280] systemd[1]: Listening on fsck to fsckd communication Socket.
Mar 14 00:12:37 devbox1 kernel: [   33.780154] systemd[1]: Listening on initctl Compatibility Named Pipe.
Mar 14 00:12:37 devbox1 systemd[1]: Started Daily rotation of log files.
Mar 14 00:12:37 devbox1 systemd[1]: Started Daily man-db regeneration.
Mar 14 00:12:37 devbox1 kernel: [   33.783357] systemd[1]: Listening on Journal Audit Socket.
Mar 14 00:12:37 devbox1 kernel: [   33.786330] systemd[1]: Listening on Journal Socket (/dev/log).
Mar 14 00:12:37 devbox1 kernel: [   33.789251] systemd[1]: Listening on Journal Socket.
Mar 14 00:12:37 devbox1 kernel: [   33.792093] systemd[1]: Listening on Network Service Netlink Socket.
Mar 14 00:12:37 devbox1 kernel: [   33.860195] systemd[1]: Listening on udev Control Socket.
Mar 14 00:12:37 devbox1 kernel: [   33.864588] systemd[1]: Listening on udev Kernel Socket.
Mar 14 00:12:37 devbox1 systemd[1]: Started Message of the Day.
Mar 14 00:12:37 devbox1 kernel: [   33.888777] systemd[1]: Mounting Huge Pages File System...
Mar 14 00:12:37 devbox1 systemd[1]: Condition check resulted in Timer to automatically fetch and run repair assertions being skipped.
Mar 14 00:12:37 devbox1 kernel: [   33.893717] systemd[1]: Mounting POSIX Message Queue File System...
Mar 14 00:12:37 devbox1 kernel: [   33.900984] systemd[1]: Mounting Kernel Debug File System...
Mar 14 00:12:37 devbox1 kernel: [   33.910400] systemd[1]: Mounting Kernel Trace File System...
Mar 14 00:12:37 devbox1 kernel: [   33.916042] systemd[1]: Starting Journal Service...
Mar 14 00:12:37 devbox1 kernel: [   33.920052] systemd[1]: Starting Set the console keyboard layout...
Mar 14 00:12:37 devbox1 kernel: [   33.923493] systemd[1]: Starting Create List of Static Device Nodes...
Mar 14 00:12:37 devbox1 kernel: [   33.926659] systemd[1]: Starting Monitoring of LVM2 mirrors, snapshots etc. using dmeventd or progress polling...
Mar 14 00:12:37 devbox1 kernel: [   33.929561] systemd[1]: Condition check resulted in LXD - agent being skipped.
Mar 14 00:12:37 devbox1 kernel: [   33.932502] systemd[1]: Starting Load Kernel Module chromeos_pstore...
Mar 14 00:12:37 devbox1 kernel: [   33.937606] systemd[1]: Starting Load Kernel Module configfs...
Mar 14 00:12:37 devbox1 kernel: [   33.940285] systemd[1]: Starting Load Kernel Module drm...
Mar 14 00:12:37 devbox1 kernel: [   33.943355] systemd[1]: Starting Load Kernel Module efi_pstore...
Mar 14 00:12:37 devbox1 kernel: [   33.945861] systemd[1]: Starting Load Kernel Module fuse...
Mar 14 00:12:37 devbox1 kernel: [   33.948334] systemd[1]: Starting Load Kernel Module pstore_blk...
Mar 14 00:12:37 devbox1 kernel: [   33.950841] systemd[1]: Starting Load Kernel Module pstore_zone...
Mar 14 00:12:37 devbox1 kernel: [   33.953335] systemd[1]: Starting Load Kernel Module ramoops...
Mar 14 00:12:37 devbox1 kernel: [   33.954755] systemd[1]: Condition check resulted in OpenVSwitch configuration for cleanup being skipped.
Mar 14 00:12:37 devbox1 kernel: [   33.956446] systemd[1]: Condition check resulted in File System Check on Root Device being skipped.
Mar 14 00:12:37 devbox1 kernel: [   34.165956] systemd[1]: Starting Load Kernel Modules...
Mar 14 00:12:37 devbox1 kernel: [   34.175295] systemd[1]: Starting Remount Root and Kernel File Systems...
Mar 14 00:12:37 devbox1 kernel: [   34.183804] systemd[1]: Starting Coldplug All udev Devices...
Mar 14 00:12:37 devbox1 kernel: [   34.198097] systemd[1]: Mounted Huge Pages File System.
Mar 14 00:12:37 devbox1 kernel: [   34.202772] systemd[1]: Mounted POSIX Message Queue File System.
Mar 14 00:12:37 devbox1 kernel: [   34.205787] systemd[1]: Mounted Kernel Debug File System.
Mar 14 00:12:37 devbox1 kernel: [   34.210296] systemd[1]: Mounted Kernel Trace File System.
Mar 14 00:12:37 devbox1 kernel: [   34.216303] systemd[1]: Finished Create List of Static Device Nodes.
Mar 14 00:12:37 devbox1 kernel: [   34.221205] systemd[1]: modprobe@configfs.service: Deactivated successfully.
Mar 14 00:12:37 devbox1 kernel: [   34.223727] systemd[1]: Finished Load Kernel Module configfs.
Mar 14 00:12:37 devbox1 kernel: [   34.229389] systemd[1]: modprobe@drm.service: Deactivated successfully.
Mar 14 00:12:37 devbox1 systemd[1]: Started Daily Cleanup of Temporary Directories.
Mar 14 00:12:37 devbox1 systemd[1]: Started Ubuntu Advantage Timer for running repeated jobs.
Mar 14 00:12:37 devbox1 kernel: [   34.233912] systemd[1]: Finished Load Kernel Module drm.
Mar 14 00:12:37 devbox1 kernel: [   34.267678] systemd[1]: modprobe@fuse.service: Deactivated successfully.
Mar 14 00:12:37 devbox1 kernel: [   34.268978] systemd[1]: Finished Load Kernel Module fuse.
Mar 14 00:12:37 devbox1 kernel: [   34.276135] systemd[1]: Mounting FUSE Control File System...
Mar 14 00:12:37 devbox1 systemd[1]: Started Download data for packages that failed at package install time.
Mar 14 00:12:37 devbox1 kernel: [   34.280939] systemd[1]: Mounting Kernel Configuration File System...
Mar 14 00:12:37 devbox1 kernel: [   34.283465] systemd[1]: Mounted FUSE Control File System.
Mar 14 00:12:37 devbox1 kernel: [   34.285910] systemd[1]: Mounted Kernel Configuration File System.
Mar 14 00:12:37 devbox1 kernel: [   34.319231] systemd[1]: Finished Coldplug All udev Devices.
Mar 14 00:12:37 devbox1 systemd[1]: Started Check to see whether there is a new version of Ubuntu available.
Mar 14 00:12:37 devbox1 kernel: [   34.452849] EXT4-fs (dm-0): re-mounted. Opts: (null). Quota mode: none.
Mar 14 00:12:37 devbox1 kernel: [   34.455505] systemd[1]: Finished Remount Root and Kernel File Systems.
Mar 14 00:12:37 devbox1 kernel: [   34.476085] systemd[1]: Activating swap /swap.img...
Mar 14 00:12:37 devbox1 kernel: [   34.478715] systemd[1]: Starting Device-Mapper Multipath Device Controller...
Mar 14 00:12:37 devbox1 kernel: [   34.481479] systemd[1]: Starting Load/Save Random Seed...
Mar 14 00:12:37 devbox1 systemd[1]: Reached target Path Units.
Mar 14 00:12:37 devbox1 kernel: [   34.484371] systemd[1]: Starting Create System Users...
Mar 14 00:12:37 devbox1 systemd[1]: Reached target Timer Units.
Mar 14 00:12:37 devbox1 kernel: [   34.520958] systemd[1]: modprobe@efi_pstore.service: Deactivated successfully.
Mar 14 00:12:37 devbox1 kernel: [   34.522056] systemd[1]: Finished Load Kernel Module efi_pstore.
Mar 14 00:12:37 devbox1 kernel: [   34.581610] systemd[1]: Finished Monitoring of LVM2 mirrors, snapshots etc. using dmeventd or progress polling.
Mar 14 00:12:37 devbox1 kernel: [   34.602930] systemd[1]: modprobe@pstore_zone.service: Deactivated successfully.
Mar 14 00:12:37 devbox1 kernel: [   34.604409] systemd[1]: Finished Load Kernel Module pstore_zone.
Mar 14 00:12:37 devbox1 kernel: [   34.606929] systemd[1]: modprobe@ramoops.service: Deactivated successfully.
Mar 14 00:12:37 devbox1 kernel: [   34.608650] systemd[1]: Finished Load Kernel Module ramoops.
Mar 14 00:12:37 devbox1 systemd[1]: Condition check resulted in Unix socket for apport crash forwarding being skipped.
Mar 14 00:12:37 devbox1 kernel: [   34.611269] systemd[1]: Started Journal Service.
Mar 14 00:12:37 devbox1 systemd[1]: Listening on cloud-init hotplug hook socket.
Mar 14 00:12:37 devbox1 kernel: [   34.807117] alua: device handler registered
Mar 14 00:12:37 devbox1 kernel: [   34.812485] systemd-journald[391]: Received client request to flush runtime journal.
Mar 14 00:12:37 devbox1 kernel: [   34.977474] emc: device handler registered
Mar 14 00:12:37 devbox1 kernel: [   35.433571] Adding 1444860k swap on /swap.img.  Priority:-2 extents:3 across:1821692k FS
Mar 14 00:12:37 devbox1 kernel: [   35.490869] rdac: device handler registered
Mar 14 00:12:37 devbox1 systemd[1]: Listening on D-Bus System Message Bus Socket.
Mar 14 00:12:37 devbox1 kernel: [   39.718529] loop0: detected capacity change from 0 to 129600
Mar 14 00:12:37 devbox1 kernel: [   39.731043] loop1: detected capacity change from 0 to 129608
Mar 14 00:12:37 devbox1 kernel: [   40.049825] loop2: detected capacity change from 0 to 163736
